../Core/Src/main.c:104:5:main	40	static
../Core/Src/main.c:960:6:SystemClock_Config	88	static
../Core/Src/main.c:1008:13:MX_I2C1_Init	8	static
../Core/Src/main.c:1042:13:MX_RTC_Init	16	static
../Core/Src/main.c:1100:13:MX_TIM2_Init	64	static
../Core/Src/main.c:1163:13:MX_TIM3_Init	48	static
../Core/Src/main.c:1212:13:MX_GPIO_Init	40	static
../Core/Src/main.c:1266:6:HAL_GPIO_EXTI_Callback	16	static
../Core/Src/main.c:1284:6:HAL_RTC_AlarmAEventCallback	16	static
../Core/Src/main.c:1295:6:Error_Handler	4	static,ignoring_inline_asm
