../Core/Src/main.c:106:5:main	56	static
../Core/Src/main.c:978:6:SystemClock_Config	88	static
../Core/Src/main.c:1026:13:MX_I2C1_Init	8	static
../Core/Src/main.c:1060:13:MX_RTC_Init	16	static
../Core/Src/main.c:1118:13:MX_TIM2_Init	64	static
../Core/Src/main.c:1181:13:MX_TIM3_Init	48	static
../Core/Src/main.c:1230:13:MX_GPIO_Init	40	static
../Core/Src/main.c:1284:6:HAL_GPIO_EXTI_Callback	16	static
../Core/Src/main.c:1302:6:HAL_RTC_AlarmAEventCallback	16	static
../Core/Src/main.c:1313:6:Error_Handler	4	static,ignoring_inline_asm
