../Core/Src/main.c:90:5:main	8	static
../Core/Src/main.c:158:6:SystemClock_Config	72	static
../Core/Src/main.c:198:13:MX_I2C1_Init	8	static
../Core/Src/main.c:232:13:MX_TIM2_Init	32	static
../Core/Src/main.c:277:13:MX_GPIO_Init	40	static
../Core/Src/main.c:312:6:microDelay	24	static
../Core/Src/main.c:318:9:getHX711	32	static
../Core/Src/main.c:349:9:getAverageRaw	56	static
../Core/Src/main.c:359:6:calibrate_with_known_weight	56	static
../Core/Src/main.c:389:9:weigh	56	static
../Core/Src/main.c:405:6:Error_Handler	4	static,ignoring_inline_asm
