2025-11-02 12:44:31,348 [INFO] Activator:176 - 


2025-11-02 12:44:31,352 [INFO] Activator:177 - !SESSION log4j initialized
2025-11-02 12:44:45,756 [INFO] LogOutputStream:77 - [STDOUT_REDIRECT] 
2025-11-02 12:44:48,308 [INFO] ApplicationProperties:184 - Using Application install path: C:\ST\STM32CubeIDE_1.19.0\STM32CubeIDE\plugins\com.st.stm32cube.common.mx_6.15.0.202507011659
2025-11-02 12:44:48,344 [INFO] DbMcusXml:78 - Set database path to: C:\ST\STM32CubeIDE_1.19.0\STM32CubeIDE\plugins\com.st.stm32cube.common.mx_6.15.0.202507011659\\db\/mcu/
2025-11-02 12:44:48,344 [INFO] ApiDb:274 - Set plugin database path to: C:\ST\STM32CubeIDE_1.19.0\STM32CubeIDE\plugins\com.st.stm32cube.common.mx_6.15.0.202507011659\\db\/plugins/boardmanager/
2025-11-02 12:44:48,345 [WARN] ApiDb:259 - Overriding images path with different value:  => C:\ST\STM32CubeIDE_1.19.0\STM32CubeIDE\plugins\com.st.stm32cube.common.mx_6.15.0.202507011659\\db\/plugins/mcufinder/images/
2025-11-02 12:44:48,362 [INFO] ApiDb:250 - Set database path to: C:\Users\nico2\.stmcufinder\plugins\mcufinder//mcu/
2025-11-02 12:44:48,365 [INFO] DbMcusAds:125 - Set database path to: C:\Users\nico2\.stmcufinder\plugins\mcufinder//mcu/
2025-11-02 12:44:48,369 [INFO] CrossReferenceDbSqlite:203 - Set database path to: C:\Users\nico2\.stmcufinder\plugins\mcufinder//mcu/cs/
2025-11-02 12:44:48,614 [INFO] RulesReader:64 - Compatibility file has been processed (317 Rules)
2025-11-02 12:44:48,788 [INFO] DbMcusXml:78 - Set database path to: C:\ST\STM32CubeIDE_1.19.0\STM32CubeIDE\plugins\com.st.stm32cube.common.mx_6.15.0.202507011659\\db\/mcu/
2025-11-02 12:44:48,789 [INFO] ApiDb:274 - Set plugin database path to: C:\ST\STM32CubeIDE_1.19.0\STM32CubeIDE\plugins\com.st.stm32cube.common.mx_6.15.0.202507011659\\db\/plugins/boardmanager/
2025-11-02 12:44:48,789 [INFO] ApiDb:261 - Set plugin images path to: C:\ST\STM32CubeIDE_1.19.0\STM32CubeIDE\plugins\com.st.stm32cube.common.mx_6.15.0.202507011659\\db\/plugins/mcufinder/images/
2025-11-02 12:44:48,789 [WARN] DbFile:41 - Overriding database path with different value: C:\Users\nico2\.stmcufinder\plugins\mcufinder/ => C:\Users\nico2\.stmcufinder\plugins\mcufinder
2025-11-02 12:44:48,789 [INFO] ApiDb:250 - Set database path to: C:\Users\nico2\.stmcufinder\plugins\mcufinder//mcu/
2025-11-02 12:44:48,789 [WARN] DbFile:41 - Overriding database path with different value: C:\Users\nico2\.stmcufinder\plugins\mcufinder/ => C:\Users\nico2\.stmcufinder\plugins\mcufinder
2025-11-02 12:44:48,789 [INFO] DbMcusAds:125 - Set database path to: C:\Users\nico2\.stmcufinder\plugins\mcufinder//mcu/
2025-11-02 12:44:48,789 [WARN] DbFile:41 - Overriding database path with different value: C:\Users\nico2\.stmcufinder\plugins\mcufinder/ => C:\Users\nico2\.stmcufinder\plugins\mcufinder
2025-11-02 12:44:48,789 [WARN] DbFile:41 - Overriding database path with different value: C:\Users\nico2\.stmcufinder\plugins\mcufinder/ => C:\Users\nico2\.stmcufinder\plugins\mcufinder
2025-11-02 12:44:48,790 [INFO] CrossReferenceDbSqlite:203 - Set database path to: C:\Users\nico2\.stmcufinder\plugins\mcufinder//mcu/cs/
2025-11-02 12:44:48,961 [INFO] MainPanel:274 - HeapMemory: 268435456
2025-11-02 12:44:49,160 [INFO] DbMcusXml:78 - Set database path to: C:\ST\STM32CubeIDE_1.19.0\STM32CubeIDE\plugins\com.st.stm32cube.common.mx_6.15.0.202507011659\\db\/mcu/
2025-11-02 12:44:49,161 [INFO] ApiDb:274 - Set plugin database path to: C:\ST\STM32CubeIDE_1.19.0\STM32CubeIDE\plugins\com.st.stm32cube.common.mx_6.15.0.202507011659\\db\/plugins/boardmanager/
2025-11-02 12:44:49,161 [INFO] ApiDb:261 - Set plugin images path to: C:\ST\STM32CubeIDE_1.19.0\STM32CubeIDE\plugins\com.st.stm32cube.common.mx_6.15.0.202507011659\\db\/plugins/mcufinder/images/
2025-11-02 12:44:49,161 [WARN] DbFile:41 - Overriding database path with different value: C:\Users\nico2\.stmcufinder\plugins\mcufinder/ => C:\Users\nico2\.stmcufinder\plugins\mcufinder
2025-11-02 12:44:49,161 [INFO] ApiDb:250 - Set database path to: C:\Users\nico2\.stmcufinder\plugins\mcufinder//mcu/
2025-11-02 12:44:49,161 [WARN] DbFile:41 - Overriding database path with different value: C:\Users\nico2\.stmcufinder\plugins\mcufinder/ => C:\Users\nico2\.stmcufinder\plugins\mcufinder
2025-11-02 12:44:49,161 [INFO] DbMcusAds:125 - Set database path to: C:\Users\nico2\.stmcufinder\plugins\mcufinder//mcu/
2025-11-02 12:44:49,161 [WARN] DbFile:41 - Overriding database path with different value: C:\Users\nico2\.stmcufinder\plugins\mcufinder/ => C:\Users\nico2\.stmcufinder\plugins\mcufinder
2025-11-02 12:44:49,161 [WARN] DbFile:41 - Overriding database path with different value: C:\Users\nico2\.stmcufinder\plugins\mcufinder/ => C:\Users\nico2\.stmcufinder\plugins\mcufinder
2025-11-02 12:44:49,161 [INFO] CrossReferenceDbSqlite:203 - Set database path to: C:\Users\nico2\.stmcufinder\plugins\mcufinder//mcu/cs/
2025-11-02 12:44:49,190 [INFO] ApplicationProperties:184 - Using Application install path: C:\ST\STM32CubeIDE_1.19.0\STM32CubeIDE\plugins\com.st.stm32cube.common.mx_6.15.0.202507011659
2025-11-02 12:44:49,191 [INFO] PluginManage:196 - Search for loadable plugins [exclusion list=, ]
2025-11-02 12:44:49,193 [INFO] PluginManage:310 - Check plugin analytics
2025-11-02 12:44:49,630 [INFO] AnalyticsPlugin:253 - Accepted Software Licenses: 
2025-11-02 12:44:49,631 [INFO] AnalyticsPlugin:255 - Accepted CMSIS Pack Licenses: 
2025-11-02 12:44:49,631 [INFO] AnalyticsPlugin:257 - Accepted Firmware Licenses: 
2025-11-02 12:44:49,654 [INFO] PluginManage:359 - Loaded plugin analytics (category:tool,tabindex:-1)
2025-11-02 12:44:49,655 [INFO] PluginManage:310 - Check plugin cadmodel
2025-11-02 12:44:49,663 [INFO] CADModel:105 - Init CAD model plugin
2025-11-02 12:44:49,663 [INFO] PluginManage:359 - Loaded plugin cadmodel (category:power,tabindex:5)
2025-11-02 12:44:49,664 [INFO] PluginManage:310 - Check plugin clock
2025-11-02 12:44:49,688 [INFO] PluginManage:359 - Loaded plugin clock (category:base,tabindex:2)
2025-11-02 12:44:49,689 [INFO] PluginManage:310 - Check plugin ddr
2025-11-02 12:44:49,693 [INFO] PluginManage:359 - Loaded plugin ddr (category:tool,tabindex:6)
2025-11-02 12:44:49,693 [INFO] PluginManage:310 - Check plugin filemanager
2025-11-02 12:44:49,932 [INFO] PluginManage:359 - Loaded plugin filemanager (category:base,tabindex:10)
2025-11-02 12:44:49,935 [INFO] PluginManage:310 - Check plugin ipmanager
2025-11-02 12:44:49,943 [INFO] PluginManage:359 - Loaded plugin ipmanager (category:base,tabindex:5)
2025-11-02 12:44:49,944 [INFO] PluginManage:310 - Check plugin lpbam
2025-11-02 12:44:49,955 [INFO] PluginManage:359 - Loaded plugin lpbam (category:base,tabindex:0)
2025-11-02 12:44:49,955 [INFO] PluginManage:310 - Check plugin memorymap
2025-11-02 12:44:49,975 [INFO] PluginManage:359 - Loaded plugin memorymap (category:base,tabindex:4)
2025-11-02 12:44:49,975 [INFO] PluginManage:310 - Check plugin pinoutandconfiguration
2025-11-02 12:44:49,988 [INFO] PluginManage:359 - Loaded plugin pinoutandconfiguration (category:base,tabindex:1)
2025-11-02 12:44:49,988 [INFO] PluginManage:310 - Check plugin pinoutconfig
2025-11-02 12:44:50,103 [WARN] SupportedApi:132 - Cannot load RTOS API schema: s4s-elt-must-match.1: The content of 'definitions' must match (annotation?, (simpleType | complexType)?, (unique | key | keyref)*)). A problem was found starting at: attribute.
2025-11-02 12:44:50,269 [INFO] PluginManage:359 - Loaded plugin pinoutconfig (category:base,tabindex:0)
2025-11-02 12:44:50,269 [INFO] PluginManage:310 - Check plugin power
2025-11-02 12:44:50,285 [INFO] PluginManage:359 - Loaded plugin power (category:power,tabindex:4)
2025-11-02 12:44:50,285 [INFO] PluginManage:310 - Check plugin projectmanager
2025-11-02 12:44:50,318 [INFO] PluginManage:359 - Loaded plugin projectmanager (category:projectmanager,tabindex:4)
2025-11-02 12:44:50,318 [INFO] PluginManage:310 - Check plugin rif
2025-11-02 12:44:50,329 [INFO] PluginManage:359 - Loaded plugin rif (category:base,tabindex:3)
2025-11-02 12:44:50,329 [INFO] PluginManage:310 - Check plugin thirdparty
2025-11-02 12:44:50,786 [INFO] PluginManage:359 - Loaded plugin thirdparty (category:base,tabindex:-1)
2025-11-02 12:44:50,787 [INFO] PluginManage:310 - Check plugin tools
2025-11-02 12:44:50,790 [INFO] PluginManage:359 - Loaded plugin tools (category:base,tabindex:7)
2025-11-02 12:44:50,790 [INFO] PluginManage:310 - Check plugin tutovideos
2025-11-02 12:44:50,788 [WARN] IntegrityCheckThread:84 - waiting for thirdparty lock release [integrity check]
2025-11-02 12:44:50,791 [INFO] IntegrityCheckThread:86 - entering critical section [integrity check]
2025-11-02 12:44:50,792 [INFO] ThirdPartyUpdaterWithRetryManager:70 - Updater plugin not ready yet. [1/15]
2025-11-02 12:44:51,184 [INFO] PluginManage:359 - Loaded plugin tutovideos (category:base,tabindex:-1)
2025-11-02 12:44:51,184 [INFO] PluginManage:310 - Check plugin updater
2025-11-02 12:44:51,331 [INFO] PluginManage:359 - Loaded plugin updater (category:base,tabindex:12)
2025-11-02 12:44:51,331 [INFO] PluginManage:310 - Check plugin userauth
2025-11-02 12:44:51,338 [INFO] UserAuth:118 - Init User Auth plugin
2025-11-02 12:44:51,339 [INFO] PluginManage:359 - Loaded plugin userauth (category:base,tabindex:14)
2025-11-02 12:44:51,339 [INFO] PluginManage:283 - PluginManage : Loaded plugins [18]
2025-11-02 12:44:51,711 [INFO] PinOutPanel:1589 - setPackage(No Configuration,No Configuration)
2025-11-02 12:44:51,824 [INFO] CADModel:165 - CPN selected for project level
2025-11-02 12:44:51,824 [INFO] CADModel:114 - Register for checkConnection events
2025-11-02 12:44:51,948 [INFO] IPUIPlugin:80 - create IPUIPlugin
2025-11-02 12:44:51,948 [INFO] PluginManager:220 - loadIPPluginJar : add adc
2025-11-02 12:44:51,952 [INFO] IPUIPlugin:80 - create IPUIPlugin
2025-11-02 12:44:51,952 [INFO] PluginManager:220 - loadIPPluginJar : add aes
2025-11-02 12:44:51,955 [INFO] IPUIPlugin:80 - create IPUIPlugin
2025-11-02 12:44:51,956 [INFO] PluginManager:220 - loadIPPluginJar : add can
2025-11-02 12:44:51,960 [INFO] IPUIPlugin:80 - create IPUIPlugin
2025-11-02 12:44:51,960 [INFO] PluginManager:220 - loadIPPluginJar : add comp
2025-11-02 12:44:51,962 [INFO] IPUIPlugin:80 - create IPUIPlugin
2025-11-02 12:44:51,963 [INFO] PluginManager:220 - loadIPPluginJar : add cryp
2025-11-02 12:44:51,967 [INFO] IPUIPlugin:80 - create IPUIPlugin
2025-11-02 12:44:51,967 [INFO] PluginManager:220 - loadIPPluginJar : add ddr_ctrl_phy
2025-11-02 12:44:52,046 [INFO] IPUIPlugin:80 - create IPUIPlugin
2025-11-02 12:44:52,046 [INFO] PluginManager:220 - loadIPPluginJar : add dfsdm
2025-11-02 12:44:52,095 [INFO] IPUIPlugin:80 - create IPUIPlugin
2025-11-02 12:44:52,099 [INFO] PluginManager:220 - loadIPPluginJar : add dma
2025-11-02 12:44:52,102 [INFO] IPUIPlugin:80 - create IPUIPlugin
2025-11-02 12:44:52,102 [INFO] PluginManager:220 - loadIPPluginJar : add dma3
2025-11-02 12:44:52,104 [INFO] IPUIPlugin:80 - create IPUIPlugin
2025-11-02 12:44:52,105 [INFO] PluginManager:220 - loadIPPluginJar : add extmemmanager
2025-11-02 12:44:52,106 [INFO] IPUIPlugin:80 - create IPUIPlugin
2025-11-02 12:44:52,106 [INFO] PluginManager:220 - loadIPPluginJar : add fatfs
2025-11-02 12:44:52,110 [INFO] IPUIPlugin:80 - create IPUIPlugin
2025-11-02 12:44:52,110 [INFO] PluginManager:220 - loadIPPluginJar : add fmc
2025-11-02 12:44:52,117 [INFO] IPUIPlugin:80 - create IPUIPlugin
2025-11-02 12:44:52,117 [INFO] PluginManager:220 - loadIPPluginJar : add freertos
2025-11-02 12:44:52,118 [INFO] IPUIPlugin:80 - create IPUIPlugin
2025-11-02 12:44:52,118 [INFO] PluginManager:220 - loadIPPluginJar : add genericplugin
2025-11-02 12:44:52,121 [INFO] IPUIPlugin:80 - create IPUIPlugin
2025-11-02 12:44:52,121 [INFO] PluginManager:220 - loadIPPluginJar : add gfxmmu
2025-11-02 12:44:52,125 [INFO] IPUIPlugin:80 - create IPUIPlugin
2025-11-02 12:44:52,125 [INFO] PluginManager:220 - loadIPPluginJar : add gic
2025-11-02 12:44:52,136 [INFO] IPUIPlugin:80 - create IPUIPlugin
2025-11-02 12:44:52,136 [INFO] PluginManager:220 - loadIPPluginJar : add gpio
2025-11-02 12:44:52,149 [INFO] IPUIPlugin:80 - create IPUIPlugin
2025-11-02 12:44:52,149 [INFO] PluginManager:220 - loadIPPluginJar : add gtzc
2025-11-02 12:44:52,151 [INFO] IPUIPlugin:80 - create IPUIPlugin
2025-11-02 12:44:52,151 [INFO] PluginManager:220 - loadIPPluginJar : add hash
2025-11-02 12:44:52,153 [INFO] IPUIPlugin:80 - create IPUIPlugin
2025-11-02 12:44:52,154 [INFO] PluginManager:220 - loadIPPluginJar : add i2c
2025-11-02 12:44:52,156 [INFO] IPUIPlugin:80 - create IPUIPlugin
2025-11-02 12:44:52,157 [INFO] PluginManager:220 - loadIPPluginJar : add i2s
2025-11-02 12:44:52,160 [INFO] IPUIPlugin:80 - create IPUIPlugin
2025-11-02 12:44:52,160 [INFO] PluginManager:220 - loadIPPluginJar : add i3c
2025-11-02 12:44:52,163 [INFO] IPUIPlugin:80 - create IPUIPlugin
2025-11-02 12:44:52,171 [INFO] PluginManager:220 - loadIPPluginJar : add ipddr
2025-11-02 12:44:52,177 [INFO] IPUIPlugin:80 - create IPUIPlugin
2025-11-02 12:44:52,177 [INFO] PluginManager:220 - loadIPPluginJar : add linkedlist
2025-11-02 12:44:52,181 [INFO] IPUIPlugin:80 - create IPUIPlugin
2025-11-02 12:44:52,181 [INFO] PluginManager:220 - loadIPPluginJar : add lorawan
2025-11-02 12:44:52,182 [INFO] IPUIPlugin:80 - create IPUIPlugin
2025-11-02 12:44:52,183 [INFO] PluginManager:220 - loadIPPluginJar : add ltdc
2025-11-02 12:44:52,192 [INFO] IPUIPlugin:80 - create IPUIPlugin
2025-11-02 12:44:52,192 [INFO] PluginManager:220 - loadIPPluginJar : add mdma
2025-11-02 12:44:52,257 [INFO] IPUIPlugin:80 - create IPUIPlugin
2025-11-02 12:44:52,257 [INFO] PluginManager:220 - loadIPPluginJar : add nvic
2025-11-02 12:44:52,261 [INFO] IPUIPlugin:80 - create IPUIPlugin
2025-11-02 12:44:52,261 [INFO] PluginManager:220 - loadIPPluginJar : add opamp
2025-11-02 12:44:52,264 [INFO] IPUIPlugin:80 - create IPUIPlugin
2025-11-02 12:44:52,264 [INFO] PluginManager:220 - loadIPPluginJar : add openamp
2025-11-02 12:44:52,267 [INFO] IPUIPlugin:80 - create IPUIPlugin
2025-11-02 12:44:52,267 [INFO] PluginManager:220 - loadIPPluginJar : add pdm2pcm
2025-11-02 12:44:52,272 [INFO] IPUIPlugin:80 - create IPUIPlugin
2025-11-02 12:44:52,291 [INFO] PluginManager:220 - loadIPPluginJar : add plateformsettings
2025-11-02 12:44:52,294 [INFO] IPUIPlugin:80 - create IPUIPlugin
2025-11-02 12:44:52,294 [INFO] PluginManager:220 - loadIPPluginJar : add quadspi
2025-11-02 12:44:52,295 [INFO] IPUIPlugin:80 - create IPUIPlugin
2025-11-02 12:44:52,296 [INFO] PluginManager:220 - loadIPPluginJar : add radio
2025-11-02 12:44:52,300 [INFO] IPUIPlugin:80 - create IPUIPlugin
2025-11-02 12:44:52,300 [INFO] PluginManager:220 - loadIPPluginJar : add resmgrutility
2025-11-02 12:44:52,303 [INFO] IPUIPlugin:80 - create IPUIPlugin
2025-11-02 12:44:52,303 [INFO] PluginManager:220 - loadIPPluginJar : add sai
2025-11-02 12:44:52,306 [INFO] IPUIPlugin:80 - create IPUIPlugin
2025-11-02 12:44:52,306 [INFO] PluginManager:220 - loadIPPluginJar : add spi
2025-11-02 12:44:52,311 [INFO] IPUIPlugin:80 - create IPUIPlugin
2025-11-02 12:44:52,311 [INFO] PluginManager:220 - loadIPPluginJar : add stm32_wpan
2025-11-02 12:44:52,313 [INFO] IPUIPlugin:80 - create IPUIPlugin
2025-11-02 12:44:52,313 [INFO] PluginManager:220 - loadIPPluginJar : add tim
2025-11-02 12:44:52,344 [INFO] IPUIPlugin:80 - create IPUIPlugin
2025-11-02 12:44:52,344 [INFO] PluginManager:220 - loadIPPluginJar : add touchsensing
2025-11-02 12:44:52,346 [INFO] IPUIPlugin:80 - create IPUIPlugin
2025-11-02 12:44:52,346 [INFO] PluginManager:220 - loadIPPluginJar : add tracer_emb
2025-11-02 12:44:52,348 [INFO] IPUIPlugin:80 - create IPUIPlugin
2025-11-02 12:44:52,348 [INFO] PluginManager:220 - loadIPPluginJar : add ts
2025-11-02 12:44:52,350 [INFO] IPUIPlugin:80 - create IPUIPlugin
2025-11-02 12:44:52,351 [INFO] PluginManager:220 - loadIPPluginJar : add tsc
2025-11-02 12:44:52,354 [INFO] IPUIPlugin:80 - create IPUIPlugin
2025-11-02 12:44:52,354 [INFO] PluginManager:220 - loadIPPluginJar : add ucpd
2025-11-02 12:44:52,357 [INFO] IPUIPlugin:80 - create IPUIPlugin
2025-11-02 12:44:52,357 [INFO] PluginManager:220 - loadIPPluginJar : add usart
2025-11-02 12:44:52,360 [INFO] IPUIPlugin:80 - create IPUIPlugin
2025-11-02 12:44:52,360 [INFO] PluginManager:220 - loadIPPluginJar : add usbx
2025-11-02 12:44:52,507 [FATAL] Updater:351 - Updater called before beeing initialized
2025-11-02 12:44:52,552 [INFO] RulesReader:64 - Compatibility file has been processed (317 Rules)
2025-11-02 12:44:52,558 [INFO] RulesReader:64 - Compatibility file has been processed (317 Rules)
2025-11-02 12:44:52,584 [INFO] CADModel:165 - CPN selected for project level
2025-11-02 12:44:52,584 [INFO] CADModel:114 - Register for checkConnection events
2025-11-02 12:44:52,585 [FATAL] Updater:351 - Updater called before beeing initialized
2025-11-02 12:44:52,585 [ERROR] CADModel:125 - Updater not yet initialized, retry later 
2025-11-02 12:44:53,474 [FATAL] Updater:351 - Updater called before beeing initialized
2025-11-02 12:44:53,477 [INFO] CADModel:165 - CPN selected for project level
2025-11-02 12:44:53,477 [INFO] CADModel:114 - Register for checkConnection events
2025-11-02 12:44:53,477 [FATAL] Updater:351 - Updater called before beeing initialized
2025-11-02 12:44:53,477 [ERROR] CADModel:125 - Updater not yet initialized, retry later 
2025-11-02 12:44:53,480 [FATAL] Updater:351 - Updater called before beeing initialized
2025-11-02 12:44:53,666 [FATAL] Updater:351 - Updater called before beeing initialized
2025-11-02 12:44:53,672 [INFO] DbMcusAds:53 - JSON generation date=Thu Oct 02 02:36:05 PDT 2025 (1759397765645)
2025-11-02 12:44:53,672 [FATAL] Updater:351 - Updater called before beeing initialized
2025-11-02 12:44:53,718 [WARN] DetailPanel:346 - Failed to get advertising image, set to default
2025-11-02 12:44:53,797 [INFO] ThirdPartyUpdaterWithRetryManager:70 - Updater plugin not ready yet. [2/15]
2025-11-02 12:44:53,802 [FATAL] Updater:351 - Updater called before beeing initialized
2025-11-02 12:44:53,803 [FATAL] Updater:351 - Updater called before beeing initialized
2025-11-02 12:44:53,803 [FATAL] Updater:351 - Updater called before beeing initialized
2025-11-02 12:44:53,803 [WARN] DetailPanel:346 - Failed to get advertising image, set to default
2025-11-02 12:44:53,804 [FATAL] Updater:351 - Updater called before beeing initialized
2025-11-02 12:44:53,854 [ERROR] Updater:1198 - MainUpdater not yet initialized. External WinMGr cannot be set.
2025-11-02 12:44:53,856 [INFO] Updater:1134 - Updater Version found : 6.15.0
2025-11-02 12:44:53,872 [INFO] ApplicationProperties:184 - Using Application install path: C:\ST\STM32CubeIDE_1.19.0\STM32CubeIDE\plugins\com.st.stm32cube.common.mx_6.15.0.202507011659
2025-11-02 12:44:55,469 [ERROR] LogOutputStream:75 - [STDERR_REDIRECT] Nov 02, 2025 12:44:55 PM java.util.prefs.WindowsPreferences <init>
2025-11-02 12:44:55,471 [ERROR] LogOutputStream:75 - [STDERR_REDIRECT] WARNING: Could not open/create prefs root node Software\JavaSoft\Prefs at root 0xffffffff80000002. Windows RegCreateKeyEx(...) returned error code 5.
2025-11-02 12:44:55,471 [ERROR] LogOutputStream:75 - [STDERR_REDIRECT] 
2025-11-02 12:44:55,919 [INFO] MainUpdater:2872 - connection check result : 10
2025-11-02 12:44:55,920 [INFO] MainUpdater:289 - Updater Check For Update Now.
2025-11-02 12:44:55,920 [INFO] MicroXplorer:498 - Change Database Version : DB.6.0.150
2025-11-02 12:44:55,925 [INFO] McuFinderGlobals:63 - Set McuFinder mode to 2 (CubeIDE integrated)
2025-11-02 12:44:55,926 [INFO] UserAuth:487 - Internet connection configuration mode: 1
2025-11-02 12:44:56,137 [INFO] JxBrowserEngine:152 - Initiate JxBrowser Engine with user profile folder
2025-11-02 12:44:56,410 [INFO] CheckServerUpdateThread:120 - End of CheckServer Thread
2025-11-02 12:44:57,207 [WARN] PackLoader:240 - Cannot read IP mode file for STMicroelectronics.FP-SNS-MOTENVWB1.1.4.0
2025-11-02 12:44:57,215 [WARN] PackLoader:240 - Cannot read IP mode file for STMicroelectronics.FP-ATR-ASTRA1.2.0.2
2025-11-02 12:44:57,226 [WARN] PackLoader:240 - Cannot read IP mode file for STMicroelectronics.X-CUBE-SMBUS.2.1.0
2025-11-02 12:44:57,244 [WARN] PackLoader:240 - Cannot read IP mode file for STMicroelectronics.X-CUBE-ST60.1.0.0
2025-11-02 12:44:57,412 [WARN] PackLoader:240 - Cannot read IP mode file for STMicroelectronics.X-CUBE-AZRTOS-F7.1.1.0
2025-11-02 12:44:57,429 [WARN] PackLoader:240 - Cannot read IP mode file for Cesanta.I-CUBE-Mongoose.7.19.0
2025-11-02 12:44:57,437 [WARN] PackLoader:240 - Cannot read IP mode file for STMicroelectronics.FP-SNS-MOTENV1.5.1.0
2025-11-02 12:44:57,476 [WARN] PackLoader:240 - Cannot read IP mode file for Infineon.AIROC-Wi-Fi-Bluetooth-STM32.1.7.1
2025-11-02 12:44:57,680 [WARN] PackLoader:240 - Cannot read IP mode file for STMicroelectronics.X-CUBE-AZRTOS-H7.3.4.0
2025-11-02 12:44:57,696 [WARN] PackLoader:240 - Cannot read IP mode file for STMicroelectronics.X-CUBE-DISPLAY.3.0.0
2025-11-02 12:44:57,854 [WARN] PackLoader:240 - Cannot read IP mode file for STMicroelectronics.X-CUBE-NFC10.1.0.0
2025-11-02 12:44:57,934 [WARN] PackLoader:240 - Cannot read IP mode file for STMicroelectronics.X-CUBE-ST60.1.1.0
2025-11-02 12:44:57,938 [WARN] PackLoader:240 - Cannot read IP mode file for emotas.I-CUBE-CANOPEN.1.3.0
2025-11-02 12:44:57,942 [WARN] PackLoader:240 - Cannot read IP mode file for STMicroelectronics.X-CUBE-GNSS1.7.1.0
2025-11-02 12:44:57,972 [WARN] PackLoader:240 - Cannot read IP mode file for STMicroelectronics.FP-SNS-STBOX1.2.1.0
2025-11-02 12:44:58,047 [WARN] PackLoader:240 - Cannot read IP mode file for STMicroelectronics.FP-SNS-SMARTAG2.1.2.0
2025-11-02 12:44:58,049 [WARN] PackLoader:240 - Cannot read IP mode file for STMicroelectronics.FP-SNS-FLIGHT1.5.1.0
2025-11-02 12:44:58,056 [INFO] LogOutputStream:77 - [STDOUT_REDIRECT] 1 : Invalid condition id : UX_CORESTACK_Condition cause : null
2025-11-02 12:44:58,056 [INFO] LogOutputStream:77 - [STDOUT_REDIRECT] 1 : Invalid condition id : UX_CORESTACK_Condition cause : null
2025-11-02 12:44:58,057 [INFO] LogOutputStream:77 - [STDOUT_REDIRECT] 1 : Invalid condition id : UX_CORESTACK_Condition cause : null
2025-11-02 12:44:58,057 [INFO] LogOutputStream:77 - [STDOUT_REDIRECT] 1 : Invalid condition id : UX_CORESTACK_Condition cause : null
2025-11-02 12:44:58,057 [INFO] LogOutputStream:77 - [STDOUT_REDIRECT] 1 : Invalid condition id : UX_CORESTACK_Condition cause : null
2025-11-02 12:44:58,058 [WARN] PackLoader:240 - Cannot read IP mode file for STMicroelectronics.X-CUBE-AZRTOS-WL.2.0.0
2025-11-02 12:44:58,061 [WARN] PackLoader:240 - Cannot read IP mode file for STMicroelectronics.FP-SNS-MOTENV1.5.0.0
2025-11-02 12:44:58,066 [WARN] PackLoader:240 - Cannot read IP mode file for WES.I-CUBE-Cesium.1.3.0
2025-11-02 12:44:58,072 [WARN] PackLoader:240 - Cannot read IP mode file for STMicroelectronics.X-CUBE-BLE2.3.3.0
2025-11-02 12:44:58,119 [WARN] PackLoader:240 - Cannot read IP mode file for STMicroelectronics.X-CUBE-NFC9.1.0.0
2025-11-02 12:44:58,153 [WARN] PackLoader:240 - Cannot read IP mode file for STMicroelectronics.X-CUBE-BLE1.7.1.0
2025-11-02 12:44:58,159 [WARN] PackLoader:240 - Cannot read IP mode file for STMicroelectronics.X-CUBE-EEPRMA1.5.2.0
2025-11-02 12:44:58,164 [WARN] PackLoader:240 - Cannot read IP mode file for STMicroelectronics.X-CUBE-ST67W61.1.1.0
2025-11-02 12:44:58,214 [WARN] PackLoader:240 - Cannot read IP mode file for STMicroelectronics.X-CUBE-AZRTOS-G0.1.1.0
2025-11-02 12:44:58,220 [WARN] PackLoader:240 - Cannot read IP mode file for STMicroelectronics.X-CUBE-SAFEA1.1.2.2
2025-11-02 12:44:58,225 [WARN] PackLoader:240 - Cannot read IP mode file for STMicroelectronics.X-CUBE-NFC4.3.0.0
2025-11-02 12:44:58,230 [WARN] PackLoader:240 - Cannot read IP mode file for EmbeddedOffice.I-CUBE-FS-RTOS.1.0.1
2025-11-02 12:44:58,233 [WARN] PackLoader:240 - Cannot read IP mode file for STMicroelectronics.X-CUBE-WB05N.2.0.0
2025-11-02 12:44:58,318 [WARN] PackLoader:240 - Cannot read IP mode file for STMicroelectronics.X-CUBE-TCPP.4.2.0
2025-11-02 12:44:58,345 [WARN] PackLoader:240 - Cannot read IP mode file for RealThread.X-CUBE-RT-Thread_Nano.4.1.1
2025-11-02 12:44:58,392 [WARN] PackLoader:240 - Cannot read IP mode file for STMicroelectronics.FP-ATR-SIGFOX1.3.2.0
2025-11-02 12:44:58,396 [WARN] PackLoader:240 - Cannot read IP mode file for ITTIA_DB.I-CUBE-ITTIADB.8.9.0
2025-11-02 12:44:58,399 [WARN] PackLoader:240 - Cannot read IP mode file for STMicroelectronics.X-CUBE-ST67W61.1.0.0
2025-11-02 12:44:58,403 [WARN] PackLoader:240 - Cannot read IP mode file for STMicroelectronics.X-CUBE-AI.10.2.0
2025-11-02 12:44:58,508 [WARN] PackLoader:240 - Cannot read IP mode file for SEGGER.I-CUBE-embOS.1.3.1
2025-11-02 12:44:58,945 [WARN] PackLoader:240 - Cannot read IP mode file for STMicroelectronics.X-CUBE-ALGOBUILD.1.4.0
2025-11-02 12:44:59,051 [WARN] PackLoader:240 - Cannot read IP mode file for STMicroelectronics.X-CUBE-MEMS1.11.3.0
2025-11-02 12:44:59,193 [WARN] PackLoader:240 - Cannot read IP mode file for STMicroelectronics.X-CUBE-PM33A1.1.0.0
2025-11-02 12:44:59,860 [WARN] PackLoader:240 - Cannot read IP mode file for STMicroelectronics.X-CUBE-AZRTOS-F4.1.1.0
2025-11-02 12:44:59,871 [WARN] PackLoader:240 - Cannot read IP mode file for STMicroelectronics.X-CUBE-ISPU.2.1.0
2025-11-02 12:44:59,926 [WARN] PackLoader:240 - Cannot read IP mode file for STMicroelectronics.X-CUBE-IPS.3.2.0
2025-11-02 12:44:59,934 [WARN] PackLoader:240 - Cannot read IP mode file for STMicroelectronics.X-CUBE-NFC12.1.0.0
2025-11-02 12:44:59,945 [WARN] PackLoader:240 - Cannot read IP mode file for STMicroelectronics.X-CUBE-AZRTOS-L5.2.0.0
2025-11-02 12:45:00,049 [WARN] PackLoader:240 - Cannot read IP mode file for STMicroelectronics.X-CUBE-NFC6.3.1.0
2025-11-02 12:45:00,055 [WARN] PackLoader:240 - Cannot read IP mode file for STMicroelectronics.X-CUBE-FREERTOS.1.3.1
2025-11-02 12:45:00,061 [WARN] PackLoader:240 - Cannot read IP mode file for STMicroelectronics.X-CUBE-TOUCHGFX.4.26.0
2025-11-02 12:45:00,064 [WARN] PackLoader:240 - Cannot read IP mode file for STMicroelectronics.FP-SNS-STAIOTCFT.1.0.0
2025-11-02 12:45:00,070 [WARN] PackLoader:240 - Cannot read IP mode file for STMicroelectronics.X-CUBE-DPower.1.3.0
2025-11-02 12:45:00,172 [WARN] ConditionMgr:438 - getConditionDescription Invalid condition id : LAN8742 Phy interface Condition cause : null
2025-11-02 12:45:00,176 [WARN] PackLoader:240 - Cannot read IP mode file for STMicroelectronics.X-CUBE-AZRTOS-L4.2.0.0
2025-11-02 12:45:00,177 [WARN] ConditionMgr:1044 - genDependencies : Invalid condition id : LAN8742 Phy interface Condition cause : null
2025-11-02 12:45:00,177 [WARN] ConditionMgr:1044 - genDependencies : Invalid condition id : LAN8742 Phy interface Condition cause : null
2025-11-02 12:45:00,177 [WARN] ConditionMgr:1044 - genDependencies : Invalid condition id : LAN8742 Phy interface Condition cause : null
2025-11-02 12:45:00,276 [WARN] PackLoader:240 - Cannot read IP mode file for STMicroelectronics.X-CUBE-SFXS2LP1.4.0.0
2025-11-02 12:45:00,282 [WARN] PackLoader:240 - Cannot read IP mode file for STMicroelectronics.X-CUBE-BLEMGR.4.1.0
2025-11-02 12:45:00,291 [WARN] ConditionMgr:438 - getConditionDescription Invalid condition id : UX DEVICE CLASS RTOS Condition cause : null
2025-11-02 12:45:00,291 [WARN] ConditionMgr:438 - getConditionDescription Invalid condition id : UX DEVICE CLASS RTOS Condition cause : null
2025-11-02 12:45:00,292 [WARN] PackLoader:240 - Cannot read IP mode file for STMicroelectronics.X-CUBE-AZRTOS-WB.2.0.0
2025-11-02 12:45:00,292 [WARN] ConditionMgr:1044 - genDependencies : Invalid condition id : UX DEVICE CLASS RTOS Condition cause : null
2025-11-02 12:45:00,292 [WARN] ConditionMgr:1044 - genDependencies : Invalid condition id : UX DEVICE CLASS RTOS Condition cause : null
2025-11-02 12:45:00,292 [WARN] ConditionMgr:1044 - genDependencies : Invalid condition id : UX DEVICE CLASS RTOS Condition cause : null
2025-11-02 12:45:00,292 [WARN] ConditionMgr:1044 - genDependencies : Invalid condition id : UX DEVICE CLASS RTOS Condition cause : null
2025-11-02 12:45:00,292 [WARN] ConditionMgr:1044 - genDependencies : Invalid condition id : UX DEVICE CLASS RTOS Condition cause : null
2025-11-02 12:45:00,295 [WARN] PackLoader:240 - Cannot read IP mode file for STMicroelectronics.X-CUBE-GNSS1.7.0.1
2025-11-02 12:45:00,392 [WARN] PackLoader:240 - Cannot read IP mode file for STMicroelectronics.X-CUBE-TOUCHGFX.4.25.0
2025-11-02 12:45:00,394 [WARN] ConditionMgr:438 - getConditionDescription Invalid condition id : Cortex-A Device cause : null
2025-11-02 12:45:00,403 [WARN] ConditionMgr:1044 - genDependencies : Invalid condition id : Cortex-A Device cause : null
2025-11-02 12:45:00,403 [WARN] ConditionMgr:1044 - genDependencies : Invalid condition id : Cortex-A Device cause : null
2025-11-02 12:45:00,403 [WARN] ConditionMgr:1044 - genDependencies : Invalid condition id : Cortex-A Device cause : null
2025-11-02 12:45:00,409 [WARN] PackLoader:240 - Cannot read IP mode file for STMicroelectronics.X-CUBE-SUBG2.5.0.0
2025-11-02 12:45:00,518 [WARN] PackLoader:240 - Cannot read IP mode file for STMicroelectronics.X-CUBE-AZRTOS-H7RS.1.1.0
2025-11-02 12:45:00,622 [WARN] PackLoader:240 - Cannot read IP mode file for STMicroelectronics.X-CUBE-AZRTOS-G4.2.0.0
2025-11-02 12:45:00,626 [WARN] PackLoader:240 - Cannot read IP mode file for STMicroelectronics.X-CUBE-NFC7.2.0.0
2025-11-02 12:45:00,871 [WARN] PackLoader:240 - Cannot read IP mode file for STMicroelectronics.X-CUBE-IPS.3.1.0
2025-11-02 12:45:00,883 [WARN] PackLoader:240 - Cannot read IP mode file for STMicroelectronics.X-CUBE-ALS.1.0.2
2025-11-02 12:45:00,888 [WARN] PackLoader:240 - Cannot read IP mode file for STMicroelectronics.X-CUBE-STSE01.1.0.0
2025-11-02 12:45:00,973 [WARN] PackLoader:240 - Cannot read IP mode file for STMicroelectronics.X-CUBE-TOF1.3.4.3
2025-11-02 12:45:00,977 [INFO] ThirdParty:978 - Integrity check success = true
2025-11-02 12:45:00,977 [INFO] IntegrityCheckThread:100 - exiting critical section [integrity check]
2025-11-02 12:45:00,977 [INFO] IntegrityCheckThread:103 - End integrity checks thread
2025-11-02 12:45:02,975 [INFO] WebApp:169 - Instantiating new browser for Auth
2025-11-02 12:45:05,099 [INFO] WebApp:463 - Apply proxy settings
2025-11-02 12:45:05,100 [INFO] WebApp:548 - Chromium requires no authentication
2025-11-02 12:45:05,132 [INFO] WebApp:491 - Direct internet connection detected
2025-11-02 12:45:05,162 [INFO] WebApp:900 - Register for checkConnection events
2025-11-02 12:45:05,163 [INFO] WebApp:463 - Apply proxy settings
2025-11-02 12:45:05,163 [INFO] WebApp:548 - Chromium requires no authentication
2025-11-02 12:45:05,163 [INFO] WebApp:491 - Direct internet connection detected
2025-11-02 12:45:05,393 [INFO] WebApp:225 - Starting web application
2025-11-02 12:45:05,393 [INFO] WebApp:593 - Web application path used C:\ST\STM32CubeIDE_1.19.0\STM32CubeIDE\plugins\com.st.stm32cube.common.mx_6.15.0.202507011659\db\plugins\mcufinder\reactClient1\index.html
2025-11-02 12:45:05,768 [INFO] UserAuth:487 - Internet connection configuration mode: 1
2025-11-02 12:45:06,995 [INFO] WebApp:191 - Connection restablished
2025-11-02 15:41:31,095 [INFO] Activator:176 - 


2025-11-02 15:41:31,096 [INFO] Activator:177 - !SESSION log4j initialized
2025-11-02 15:41:51,089 [INFO] LogOutputStream:77 - [STDOUT_REDIRECT] 
2025-11-02 15:42:00,196 [INFO] ApplicationProperties:184 - Using Application install path: C:\ST\STM32CubeIDE_1.19.0\STM32CubeIDE\plugins\com.st.stm32cube.common.mx_6.15.0.202507011659
2025-11-02 15:42:00,232 [INFO] DbMcusXml:78 - Set database path to: C:\ST\STM32CubeIDE_1.19.0\STM32CubeIDE\plugins\com.st.stm32cube.common.mx_6.15.0.202507011659\\db\/mcu/
2025-11-02 15:42:00,232 [INFO] ApiDb:274 - Set plugin database path to: C:\ST\STM32CubeIDE_1.19.0\STM32CubeIDE\plugins\com.st.stm32cube.common.mx_6.15.0.202507011659\\db\/plugins/boardmanager/
2025-11-02 15:42:00,232 [WARN] ApiDb:259 - Overriding images path with different value:  => C:\ST\STM32CubeIDE_1.19.0\STM32CubeIDE\plugins\com.st.stm32cube.common.mx_6.15.0.202507011659\\db\/plugins/mcufinder/images/
2025-11-02 15:42:00,252 [INFO] ApiDb:250 - Set database path to: C:\Users\nico2\.stmcufinder\plugins\mcufinder//mcu/
2025-11-02 15:42:00,252 [INFO] DbMcusAds:125 - Set database path to: C:\Users\nico2\.stmcufinder\plugins\mcufinder//mcu/
2025-11-02 15:42:00,264 [INFO] CrossReferenceDbSqlite:203 - Set database path to: C:\Users\nico2\.stmcufinder\plugins\mcufinder//mcu/cs/
2025-11-02 15:42:00,544 [INFO] RulesReader:64 - Compatibility file has been processed (317 Rules)
2025-11-02 15:42:00,684 [INFO] DbMcusXml:78 - Set database path to: C:\ST\STM32CubeIDE_1.19.0\STM32CubeIDE\plugins\com.st.stm32cube.common.mx_6.15.0.202507011659\\db\/mcu/
2025-11-02 15:42:00,684 [INFO] ApiDb:274 - Set plugin database path to: C:\ST\STM32CubeIDE_1.19.0\STM32CubeIDE\plugins\com.st.stm32cube.common.mx_6.15.0.202507011659\\db\/plugins/boardmanager/
2025-11-02 15:42:00,684 [INFO] ApiDb:261 - Set plugin images path to: C:\ST\STM32CubeIDE_1.19.0\STM32CubeIDE\plugins\com.st.stm32cube.common.mx_6.15.0.202507011659\\db\/plugins/mcufinder/images/
2025-11-02 15:42:00,684 [WARN] DbFile:41 - Overriding database path with different value: C:\Users\nico2\.stmcufinder\plugins\mcufinder/ => C:\Users\nico2\.stmcufinder\plugins\mcufinder
2025-11-02 15:42:00,684 [INFO] ApiDb:250 - Set database path to: C:\Users\nico2\.stmcufinder\plugins\mcufinder//mcu/
2025-11-02 15:42:00,684 [WARN] DbFile:41 - Overriding database path with different value: C:\Users\nico2\.stmcufinder\plugins\mcufinder/ => C:\Users\nico2\.stmcufinder\plugins\mcufinder
2025-11-02 15:42:00,684 [INFO] DbMcusAds:125 - Set database path to: C:\Users\nico2\.stmcufinder\plugins\mcufinder//mcu/
2025-11-02 15:42:00,684 [WARN] DbFile:41 - Overriding database path with different value: C:\Users\nico2\.stmcufinder\plugins\mcufinder/ => C:\Users\nico2\.stmcufinder\plugins\mcufinder
2025-11-02 15:42:00,684 [WARN] DbFile:41 - Overriding database path with different value: C:\Users\nico2\.stmcufinder\plugins\mcufinder/ => C:\Users\nico2\.stmcufinder\plugins\mcufinder
2025-11-02 15:42:00,684 [INFO] CrossReferenceDbSqlite:203 - Set database path to: C:\Users\nico2\.stmcufinder\plugins\mcufinder//mcu/cs/
2025-11-02 15:42:00,916 [INFO] MainPanel:274 - HeapMemory: 268435456
2025-11-02 15:42:01,153 [INFO] DbMcusXml:78 - Set database path to: C:\ST\STM32CubeIDE_1.19.0\STM32CubeIDE\plugins\com.st.stm32cube.common.mx_6.15.0.202507011659\\db\/mcu/
2025-11-02 15:42:01,153 [INFO] ApiDb:274 - Set plugin database path to: C:\ST\STM32CubeIDE_1.19.0\STM32CubeIDE\plugins\com.st.stm32cube.common.mx_6.15.0.202507011659\\db\/plugins/boardmanager/
2025-11-02 15:42:01,153 [INFO] ApiDb:261 - Set plugin images path to: C:\ST\STM32CubeIDE_1.19.0\STM32CubeIDE\plugins\com.st.stm32cube.common.mx_6.15.0.202507011659\\db\/plugins/mcufinder/images/
2025-11-02 15:42:01,161 [WARN] DbFile:41 - Overriding database path with different value: C:\Users\nico2\.stmcufinder\plugins\mcufinder/ => C:\Users\nico2\.stmcufinder\plugins\mcufinder
2025-11-02 15:42:01,161 [INFO] ApiDb:250 - Set database path to: C:\Users\nico2\.stmcufinder\plugins\mcufinder//mcu/
2025-11-02 15:42:01,161 [WARN] DbFile:41 - Overriding database path with different value: C:\Users\nico2\.stmcufinder\plugins\mcufinder/ => C:\Users\nico2\.stmcufinder\plugins\mcufinder
2025-11-02 15:42:01,161 [INFO] DbMcusAds:125 - Set database path to: C:\Users\nico2\.stmcufinder\plugins\mcufinder//mcu/
2025-11-02 15:42:01,161 [WARN] DbFile:41 - Overriding database path with different value: C:\Users\nico2\.stmcufinder\plugins\mcufinder/ => C:\Users\nico2\.stmcufinder\plugins\mcufinder
2025-11-02 15:42:01,161 [WARN] DbFile:41 - Overriding database path with different value: C:\Users\nico2\.stmcufinder\plugins\mcufinder/ => C:\Users\nico2\.stmcufinder\plugins\mcufinder
2025-11-02 15:42:01,161 [INFO] CrossReferenceDbSqlite:203 - Set database path to: C:\Users\nico2\.stmcufinder\plugins\mcufinder//mcu/cs/
2025-11-02 15:42:01,183 [INFO] ApplicationProperties:184 - Using Application install path: C:\ST\STM32CubeIDE_1.19.0\STM32CubeIDE\plugins\com.st.stm32cube.common.mx_6.15.0.202507011659
2025-11-02 15:42:01,183 [INFO] PluginManage:196 - Search for loadable plugins [exclusion list=, ]
2025-11-02 15:42:01,183 [INFO] PluginManage:310 - Check plugin analytics
2025-11-02 15:42:01,738 [INFO] AnalyticsPlugin:253 - Accepted Software Licenses: 
2025-11-02 15:42:01,738 [INFO] AnalyticsPlugin:255 - Accepted CMSIS Pack Licenses: 
2025-11-02 15:42:01,738 [INFO] AnalyticsPlugin:257 - Accepted Firmware Licenses: 
2025-11-02 15:42:01,746 [INFO] PluginManage:359 - Loaded plugin analytics (category:tool,tabindex:-1)
2025-11-02 15:42:01,746 [INFO] PluginManage:310 - Check plugin cadmodel
2025-11-02 15:42:01,748 [INFO] CADModel:105 - Init CAD model plugin
2025-11-02 15:42:01,748 [INFO] PluginManage:359 - Loaded plugin cadmodel (category:power,tabindex:5)
2025-11-02 15:42:01,756 [INFO] PluginManage:310 - Check plugin clock
2025-11-02 15:42:01,779 [INFO] PluginManage:359 - Loaded plugin clock (category:base,tabindex:2)
2025-11-02 15:42:01,779 [INFO] PluginManage:310 - Check plugin ddr
2025-11-02 15:42:01,779 [INFO] PluginManage:359 - Loaded plugin ddr (category:tool,tabindex:6)
2025-11-02 15:42:01,779 [INFO] PluginManage:310 - Check plugin filemanager
2025-11-02 15:42:02,253 [INFO] PluginManage:359 - Loaded plugin filemanager (category:base,tabindex:10)
2025-11-02 15:42:02,253 [INFO] PluginManage:310 - Check plugin ipmanager
2025-11-02 15:42:02,271 [INFO] PluginManage:359 - Loaded plugin ipmanager (category:base,tabindex:5)
2025-11-02 15:42:02,271 [INFO] PluginManage:310 - Check plugin lpbam
2025-11-02 15:42:02,283 [INFO] PluginManage:359 - Loaded plugin lpbam (category:base,tabindex:0)
2025-11-02 15:42:02,283 [INFO] PluginManage:310 - Check plugin memorymap
2025-11-02 15:42:02,311 [INFO] PluginManage:359 - Loaded plugin memorymap (category:base,tabindex:4)
2025-11-02 15:42:02,313 [INFO] PluginManage:310 - Check plugin pinoutandconfiguration
2025-11-02 15:42:02,324 [INFO] PluginManage:359 - Loaded plugin pinoutandconfiguration (category:base,tabindex:1)
2025-11-02 15:42:02,324 [INFO] PluginManage:310 - Check plugin pinoutconfig
2025-11-02 15:42:02,495 [WARN] SupportedApi:132 - Cannot load RTOS API schema: s4s-elt-must-match.1: The content of 'definitions' must match (annotation?, (simpleType | complexType)?, (unique | key | keyref)*)). A problem was found starting at: attribute.
2025-11-02 15:42:02,707 [INFO] PluginManage:359 - Loaded plugin pinoutconfig (category:base,tabindex:0)
2025-11-02 15:42:02,707 [INFO] PluginManage:310 - Check plugin power
2025-11-02 15:42:02,717 [INFO] PluginManage:359 - Loaded plugin power (category:power,tabindex:4)
2025-11-02 15:42:02,717 [INFO] PluginManage:310 - Check plugin projectmanager
2025-11-02 15:42:02,865 [INFO] PluginManage:359 - Loaded plugin projectmanager (category:projectmanager,tabindex:4)
2025-11-02 15:42:02,865 [INFO] PluginManage:310 - Check plugin rif
2025-11-02 15:42:02,908 [INFO] PluginManage:359 - Loaded plugin rif (category:base,tabindex:3)
2025-11-02 15:42:02,908 [INFO] PluginManage:310 - Check plugin thirdparty
2025-11-02 15:42:03,422 [INFO] PluginManage:359 - Loaded plugin thirdparty (category:base,tabindex:-1)
2025-11-02 15:42:03,422 [INFO] PluginManage:310 - Check plugin tools
2025-11-02 15:42:03,430 [INFO] PluginManage:359 - Loaded plugin tools (category:base,tabindex:7)
2025-11-02 15:42:03,430 [INFO] PluginManage:310 - Check plugin tutovideos
2025-11-02 15:42:03,713 [WARN] IntegrityCheckThread:84 - waiting for thirdparty lock release [integrity check]
2025-11-02 15:42:03,715 [INFO] IntegrityCheckThread:86 - entering critical section [integrity check]
2025-11-02 15:42:03,715 [INFO] ThirdPartyUpdaterWithRetryManager:70 - Updater plugin not ready yet. [1/15]
2025-11-02 15:42:03,927 [INFO] PluginManage:359 - Loaded plugin tutovideos (category:base,tabindex:-1)
2025-11-02 15:42:03,927 [INFO] PluginManage:310 - Check plugin updater
2025-11-02 15:42:04,260 [INFO] PluginManage:359 - Loaded plugin updater (category:base,tabindex:12)
2025-11-02 15:42:04,260 [INFO] PluginManage:310 - Check plugin userauth
2025-11-02 15:42:04,268 [INFO] UserAuth:118 - Init User Auth plugin
2025-11-02 15:42:04,270 [INFO] PluginManage:359 - Loaded plugin userauth (category:base,tabindex:14)
2025-11-02 15:42:04,270 [INFO] PluginManage:283 - PluginManage : Loaded plugins [18]
2025-11-02 15:42:04,729 [INFO] PinOutPanel:1589 - setPackage(No Configuration,No Configuration)
2025-11-02 15:42:05,025 [INFO] CADModel:165 - CPN selected for project level
2025-11-02 15:42:05,025 [INFO] CADModel:114 - Register for checkConnection events
2025-11-02 15:42:05,083 [INFO] IPUIPlugin:80 - create IPUIPlugin
2025-11-02 15:42:05,083 [INFO] PluginManager:220 - loadIPPluginJar : add adc
2025-11-02 15:42:05,121 [INFO] IPUIPlugin:80 - create IPUIPlugin
2025-11-02 15:42:05,121 [INFO] PluginManager:220 - loadIPPluginJar : add aes
2025-11-02 15:42:05,123 [INFO] IPUIPlugin:80 - create IPUIPlugin
2025-11-02 15:42:05,123 [INFO] PluginManager:220 - loadIPPluginJar : add can
2025-11-02 15:42:05,123 [INFO] IPUIPlugin:80 - create IPUIPlugin
2025-11-02 15:42:05,123 [INFO] PluginManager:220 - loadIPPluginJar : add comp
2025-11-02 15:42:05,173 [INFO] IPUIPlugin:80 - create IPUIPlugin
2025-11-02 15:42:05,173 [INFO] PluginManager:220 - loadIPPluginJar : add cryp
2025-11-02 15:42:05,183 [INFO] IPUIPlugin:80 - create IPUIPlugin
2025-11-02 15:42:05,183 [INFO] PluginManager:220 - loadIPPluginJar : add ddr_ctrl_phy
2025-11-02 15:42:05,183 [INFO] IPUIPlugin:80 - create IPUIPlugin
2025-11-02 15:42:05,183 [INFO] PluginManager:220 - loadIPPluginJar : add dfsdm
2025-11-02 15:42:05,194 [INFO] IPUIPlugin:80 - create IPUIPlugin
2025-11-02 15:42:05,194 [INFO] PluginManager:220 - loadIPPluginJar : add dma
2025-11-02 15:42:05,194 [INFO] IPUIPlugin:80 - create IPUIPlugin
2025-11-02 15:42:05,194 [INFO] PluginManager:220 - loadIPPluginJar : add dma3
2025-11-02 15:42:05,204 [INFO] IPUIPlugin:80 - create IPUIPlugin
2025-11-02 15:42:05,204 [INFO] PluginManager:220 - loadIPPluginJar : add extmemmanager
2025-11-02 15:42:05,204 [INFO] IPUIPlugin:80 - create IPUIPlugin
2025-11-02 15:42:05,204 [INFO] PluginManager:220 - loadIPPluginJar : add fatfs
2025-11-02 15:42:05,204 [INFO] IPUIPlugin:80 - create IPUIPlugin
2025-11-02 15:42:05,204 [INFO] PluginManager:220 - loadIPPluginJar : add fmc
2025-11-02 15:42:05,214 [INFO] IPUIPlugin:80 - create IPUIPlugin
2025-11-02 15:42:05,214 [INFO] PluginManager:220 - loadIPPluginJar : add freertos
2025-11-02 15:42:05,222 [INFO] IPUIPlugin:80 - create IPUIPlugin
2025-11-02 15:42:05,222 [INFO] PluginManager:220 - loadIPPluginJar : add genericplugin
2025-11-02 15:42:05,224 [INFO] IPUIPlugin:80 - create IPUIPlugin
2025-11-02 15:42:05,224 [INFO] PluginManager:220 - loadIPPluginJar : add gfxmmu
2025-11-02 15:42:05,234 [INFO] IPUIPlugin:80 - create IPUIPlugin
2025-11-02 15:42:05,234 [INFO] PluginManager:220 - loadIPPluginJar : add gic
2025-11-02 15:42:05,242 [INFO] IPUIPlugin:80 - create IPUIPlugin
2025-11-02 15:42:05,242 [INFO] PluginManager:220 - loadIPPluginJar : add gpio
2025-11-02 15:42:05,244 [INFO] IPUIPlugin:80 - create IPUIPlugin
2025-11-02 15:42:05,244 [INFO] PluginManager:220 - loadIPPluginJar : add gtzc
2025-11-02 15:42:05,244 [INFO] IPUIPlugin:80 - create IPUIPlugin
2025-11-02 15:42:05,244 [INFO] PluginManager:220 - loadIPPluginJar : add hash
2025-11-02 15:42:05,254 [INFO] IPUIPlugin:80 - create IPUIPlugin
2025-11-02 15:42:05,254 [INFO] PluginManager:220 - loadIPPluginJar : add i2c
2025-11-02 15:42:05,254 [INFO] IPUIPlugin:80 - create IPUIPlugin
2025-11-02 15:42:05,262 [INFO] PluginManager:220 - loadIPPluginJar : add i2s
2025-11-02 15:42:05,264 [INFO] IPUIPlugin:80 - create IPUIPlugin
2025-11-02 15:42:05,264 [INFO] PluginManager:220 - loadIPPluginJar : add i3c
2025-11-02 15:42:05,264 [INFO] IPUIPlugin:80 - create IPUIPlugin
2025-11-02 15:42:05,264 [INFO] PluginManager:220 - loadIPPluginJar : add ipddr
2025-11-02 15:42:05,274 [INFO] IPUIPlugin:80 - create IPUIPlugin
2025-11-02 15:42:05,274 [INFO] PluginManager:220 - loadIPPluginJar : add linkedlist
2025-11-02 15:42:05,282 [INFO] IPUIPlugin:80 - create IPUIPlugin
2025-11-02 15:42:05,282 [INFO] PluginManager:220 - loadIPPluginJar : add lorawan
2025-11-02 15:42:05,284 [INFO] IPUIPlugin:80 - create IPUIPlugin
2025-11-02 15:42:05,284 [INFO] PluginManager:220 - loadIPPluginJar : add ltdc
2025-11-02 15:42:05,294 [INFO] IPUIPlugin:80 - create IPUIPlugin
2025-11-02 15:42:05,294 [INFO] PluginManager:220 - loadIPPluginJar : add mdma
2025-11-02 15:42:05,304 [INFO] IPUIPlugin:80 - create IPUIPlugin
2025-11-02 15:42:05,304 [INFO] PluginManager:220 - loadIPPluginJar : add nvic
2025-11-02 15:42:05,313 [INFO] IPUIPlugin:80 - create IPUIPlugin
2025-11-02 15:42:05,313 [INFO] PluginManager:220 - loadIPPluginJar : add opamp
2025-11-02 15:42:05,315 [INFO] IPUIPlugin:80 - create IPUIPlugin
2025-11-02 15:42:05,315 [INFO] PluginManager:220 - loadIPPluginJar : add openamp
2025-11-02 15:42:05,315 [INFO] IPUIPlugin:80 - create IPUIPlugin
2025-11-02 15:42:05,315 [INFO] PluginManager:220 - loadIPPluginJar : add pdm2pcm
2025-11-02 15:42:05,343 [INFO] IPUIPlugin:80 - create IPUIPlugin
2025-11-02 15:42:05,363 [INFO] PluginManager:220 - loadIPPluginJar : add plateformsettings
2025-11-02 15:42:05,365 [INFO] IPUIPlugin:80 - create IPUIPlugin
2025-11-02 15:42:05,365 [INFO] PluginManager:220 - loadIPPluginJar : add quadspi
2025-11-02 15:42:05,365 [INFO] IPUIPlugin:80 - create IPUIPlugin
2025-11-02 15:42:05,365 [INFO] PluginManager:220 - loadIPPluginJar : add radio
2025-11-02 15:42:05,373 [INFO] IPUIPlugin:80 - create IPUIPlugin
2025-11-02 15:42:05,373 [INFO] PluginManager:220 - loadIPPluginJar : add resmgrutility
2025-11-02 15:42:05,375 [INFO] IPUIPlugin:80 - create IPUIPlugin
2025-11-02 15:42:05,375 [INFO] PluginManager:220 - loadIPPluginJar : add sai
2025-11-02 15:42:05,375 [INFO] IPUIPlugin:80 - create IPUIPlugin
2025-11-02 15:42:05,375 [INFO] PluginManager:220 - loadIPPluginJar : add spi
2025-11-02 15:42:05,385 [INFO] IPUIPlugin:80 - create IPUIPlugin
2025-11-02 15:42:05,385 [INFO] PluginManager:220 - loadIPPluginJar : add stm32_wpan
2025-11-02 15:42:05,385 [INFO] IPUIPlugin:80 - create IPUIPlugin
2025-11-02 15:42:05,385 [INFO] PluginManager:220 - loadIPPluginJar : add tim
2025-11-02 15:42:05,425 [INFO] IPUIPlugin:80 - create IPUIPlugin
2025-11-02 15:42:05,425 [INFO] PluginManager:220 - loadIPPluginJar : add touchsensing
2025-11-02 15:42:05,425 [INFO] IPUIPlugin:80 - create IPUIPlugin
2025-11-02 15:42:05,425 [INFO] PluginManager:220 - loadIPPluginJar : add tracer_emb
2025-11-02 15:42:05,433 [INFO] IPUIPlugin:80 - create IPUIPlugin
2025-11-02 15:42:05,435 [INFO] PluginManager:220 - loadIPPluginJar : add ts
2025-11-02 15:42:05,435 [INFO] IPUIPlugin:80 - create IPUIPlugin
2025-11-02 15:42:05,435 [INFO] PluginManager:220 - loadIPPluginJar : add tsc
2025-11-02 15:42:05,435 [INFO] IPUIPlugin:80 - create IPUIPlugin
2025-11-02 15:42:05,435 [INFO] PluginManager:220 - loadIPPluginJar : add ucpd
2025-11-02 15:42:05,445 [INFO] IPUIPlugin:80 - create IPUIPlugin
2025-11-02 15:42:05,445 [INFO] PluginManager:220 - loadIPPluginJar : add usart
2025-11-02 15:42:05,445 [INFO] IPUIPlugin:80 - create IPUIPlugin
2025-11-02 15:42:05,445 [INFO] PluginManager:220 - loadIPPluginJar : add usbx
2025-11-02 15:42:05,725 [FATAL] Updater:351 - Updater called before beeing initialized
2025-11-02 15:42:05,787 [INFO] RulesReader:64 - Compatibility file has been processed (317 Rules)
2025-11-02 15:42:05,797 [INFO] RulesReader:64 - Compatibility file has been processed (317 Rules)
2025-11-02 15:42:05,797 [INFO] CADModel:165 - CPN selected for project level
2025-11-02 15:42:05,797 [INFO] CADModel:114 - Register for checkConnection events
2025-11-02 15:42:05,797 [FATAL] Updater:351 - Updater called before beeing initialized
2025-11-02 15:42:05,797 [ERROR] CADModel:125 - Updater not yet initialized, retry later 
2025-11-02 15:42:06,080 [FATAL] Updater:351 - Updater called before beeing initialized
2025-11-02 15:42:06,084 [INFO] CADModel:165 - CPN selected for project level
2025-11-02 15:42:06,084 [INFO] CADModel:114 - Register for checkConnection events
2025-11-02 15:42:06,085 [FATAL] Updater:351 - Updater called before beeing initialized
2025-11-02 15:42:06,085 [ERROR] CADModel:125 - Updater not yet initialized, retry later 
2025-11-02 15:42:06,097 [FATAL] Updater:351 - Updater called before beeing initialized
2025-11-02 15:42:06,372 [FATAL] Updater:351 - Updater called before beeing initialized
2025-11-02 15:42:06,382 [INFO] DbMcusAds:53 - JSON generation date=Thu Oct 02 02:36:05 PDT 2025 (1759397765645)
2025-11-02 15:42:06,382 [FATAL] Updater:351 - Updater called before beeing initialized
2025-11-02 15:42:06,422 [WARN] DetailPanel:346 - Failed to get advertising image, set to default
2025-11-02 15:42:07,095 [INFO] ThirdPartyUpdaterWithRetryManager:70 - Updater plugin not ready yet. [2/15]
2025-11-02 15:42:07,137 [FATAL] Updater:351 - Updater called before beeing initialized
2025-11-02 15:42:07,137 [FATAL] Updater:351 - Updater called before beeing initialized
2025-11-02 15:42:07,137 [FATAL] Updater:351 - Updater called before beeing initialized
2025-11-02 15:42:07,137 [WARN] DetailPanel:346 - Failed to get advertising image, set to default
2025-11-02 15:42:07,137 [FATAL] Updater:351 - Updater called before beeing initialized
2025-11-02 15:42:07,238 [ERROR] Updater:1198 - MainUpdater not yet initialized. External WinMGr cannot be set.
2025-11-02 15:42:07,238 [INFO] Updater:1134 - Updater Version found : 6.15.0
2025-11-02 15:42:07,269 [INFO] ApplicationProperties:184 - Using Application install path: C:\ST\STM32CubeIDE_1.19.0\STM32CubeIDE\plugins\com.st.stm32cube.common.mx_6.15.0.202507011659
2025-11-02 15:42:08,871 [ERROR] LogOutputStream:75 - [STDERR_REDIRECT] Nov 02, 2025 3:42:08 PM java.util.prefs.WindowsPreferences <init>
2025-11-02 15:42:08,873 [ERROR] LogOutputStream:75 - [STDERR_REDIRECT] WARNING: Could not open/create prefs root node Software\JavaSoft\Prefs at root 0xffffffff80000002. Windows RegCreateKeyEx(...) returned error code 5.
2025-11-02 15:42:08,873 [ERROR] LogOutputStream:75 - [STDERR_REDIRECT] 
2025-11-02 15:42:10,103 [FATAL] Updater:351 - Updater called before beeing initialized
2025-11-02 15:42:10,107 [ERROR] IntegrityCheckThread:130 - Cannot retrieve database content from updater: error 21
2025-11-02 15:42:10,108 [INFO] ThirdParty:978 - Integrity check success = false
2025-11-02 15:42:10,108 [INFO] IntegrityCheckThread:100 - exiting critical section [integrity check]
2025-11-02 15:42:10,108 [INFO] IntegrityCheckThread:103 - End integrity checks thread
2025-11-02 15:42:14,095 [INFO] MainUpdater:2872 - connection check result : 10
2025-11-02 15:42:14,096 [INFO] MainUpdater:289 - Updater Check For Update Now.
2025-11-02 15:42:14,097 [INFO] MicroXplorer:498 - Change Database Version : DB.6.0.150
2025-11-02 15:42:14,112 [INFO] McuFinderGlobals:63 - Set McuFinder mode to 2 (CubeIDE integrated)
2025-11-02 15:42:14,300 [INFO] UserAuth:487 - Internet connection configuration mode: 1
2025-11-02 15:42:14,749 [INFO] JxBrowserEngine:152 - Initiate JxBrowser Engine with user profile folder
2025-11-02 15:42:14,786 [INFO] CheckServerUpdateThread:120 - End of CheckServer Thread
2025-11-02 15:42:17,647 [INFO] WebApp:169 - Instantiating new browser for Auth
2025-11-02 15:42:19,909 [INFO] WebApp:463 - Apply proxy settings
2025-11-02 15:42:19,909 [INFO] WebApp:548 - Chromium requires no authentication
2025-11-02 15:42:19,921 [INFO] WebApp:491 - Direct internet connection detected
2025-11-02 15:42:19,955 [INFO] WebApp:900 - Register for checkConnection events
2025-11-02 15:42:19,956 [INFO] WebApp:463 - Apply proxy settings
2025-11-02 15:42:19,956 [INFO] WebApp:548 - Chromium requires no authentication
2025-11-02 15:42:19,958 [INFO] WebApp:491 - Direct internet connection detected
2025-11-02 15:42:20,231 [INFO] WebApp:225 - Starting web application
2025-11-02 15:42:20,231 [INFO] WebApp:593 - Web application path used C:\ST\STM32CubeIDE_1.19.0\STM32CubeIDE\plugins\com.st.stm32cube.common.mx_6.15.0.202507011659\db\plugins\mcufinder\reactClient1\index.html
2025-11-02 15:42:20,549 [INFO] UserAuth:487 - Internet connection configuration mode: 1
2025-11-02 15:42:21,290 [INFO] WebApp:191 - Connection restablished
2025-11-02 11:39:12,539 [INFO] Activator:176 - 


2025-11-02 11:39:12,541 [INFO] Activator:177 - !SESSION log4j initialized
2025-11-02 11:39:33,486 [INFO] LogOutputStream:77 - [STDOUT_REDIRECT] 
2025-11-02 11:39:35,507 [INFO] ApplicationProperties:184 - Using Application install path: C:\ST\STM32CubeIDE_1.19.0\STM32CubeIDE\plugins\com.st.stm32cube.common.mx_6.15.0.202507011659
2025-11-02 11:39:35,527 [INFO] DbMcusXml:78 - Set database path to: C:\ST\STM32CubeIDE_1.19.0\STM32CubeIDE\plugins\com.st.stm32cube.common.mx_6.15.0.202507011659\\db\/mcu/
2025-11-02 11:39:35,533 [INFO] ApiDb:274 - Set plugin database path to: C:\ST\STM32CubeIDE_1.19.0\STM32CubeIDE\plugins\com.st.stm32cube.common.mx_6.15.0.202507011659\\db\/plugins/boardmanager/
2025-11-02 11:39:35,533 [WARN] ApiDb:259 - Overriding images path with different value:  => C:\ST\STM32CubeIDE_1.19.0\STM32CubeIDE\plugins\com.st.stm32cube.common.mx_6.15.0.202507011659\\db\/plugins/mcufinder/images/
2025-11-02 11:39:35,541 [INFO] ApiDb:250 - Set database path to: C:\Users\nico2\.stmcufinder\plugins\mcufinder//mcu/
2025-11-02 11:39:35,542 [INFO] DbMcusAds:125 - Set database path to: C:\Users\nico2\.stmcufinder\plugins\mcufinder//mcu/
2025-11-02 11:39:35,568 [INFO] CrossReferenceDbSqlite:203 - Set database path to: C:\Users\nico2\.stmcufinder\plugins\mcufinder//mcu/cs/
2025-11-02 11:39:35,728 [INFO] RulesReader:64 - Compatibility file has been processed (317 Rules)
2025-11-02 11:39:35,816 [INFO] DbMcusXml:78 - Set database path to: C:\ST\STM32CubeIDE_1.19.0\STM32CubeIDE\plugins\com.st.stm32cube.common.mx_6.15.0.202507011659\\db\/mcu/
2025-11-02 11:39:35,816 [INFO] ApiDb:274 - Set plugin database path to: C:\ST\STM32CubeIDE_1.19.0\STM32CubeIDE\plugins\com.st.stm32cube.common.mx_6.15.0.202507011659\\db\/plugins/boardmanager/
2025-11-02 11:39:35,816 [INFO] ApiDb:261 - Set plugin images path to: C:\ST\STM32CubeIDE_1.19.0\STM32CubeIDE\plugins\com.st.stm32cube.common.mx_6.15.0.202507011659\\db\/plugins/mcufinder/images/
2025-11-02 11:39:35,816 [WARN] DbFile:41 - Overriding database path with different value: C:\Users\nico2\.stmcufinder\plugins\mcufinder/ => C:\Users\nico2\.stmcufinder\plugins\mcufinder
2025-11-02 11:39:35,817 [INFO] ApiDb:250 - Set database path to: C:\Users\nico2\.stmcufinder\plugins\mcufinder//mcu/
2025-11-02 11:39:35,817 [WARN] DbFile:41 - Overriding database path with different value: C:\Users\nico2\.stmcufinder\plugins\mcufinder/ => C:\Users\nico2\.stmcufinder\plugins\mcufinder
2025-11-02 11:39:35,817 [INFO] DbMcusAds:125 - Set database path to: C:\Users\nico2\.stmcufinder\plugins\mcufinder//mcu/
2025-11-02 11:39:35,817 [WARN] DbFile:41 - Overriding database path with different value: C:\Users\nico2\.stmcufinder\plugins\mcufinder/ => C:\Users\nico2\.stmcufinder\plugins\mcufinder
2025-11-02 11:39:35,817 [WARN] DbFile:41 - Overriding database path with different value: C:\Users\nico2\.stmcufinder\plugins\mcufinder/ => C:\Users\nico2\.stmcufinder\plugins\mcufinder
2025-11-02 11:39:35,817 [INFO] CrossReferenceDbSqlite:203 - Set database path to: C:\Users\nico2\.stmcufinder\plugins\mcufinder//mcu/cs/
2025-11-02 11:39:35,941 [INFO] MainPanel:274 - HeapMemory: 268435456
2025-11-02 11:39:36,130 [INFO] DbMcusXml:78 - Set database path to: C:\ST\STM32CubeIDE_1.19.0\STM32CubeIDE\plugins\com.st.stm32cube.common.mx_6.15.0.202507011659\\db\/mcu/
2025-11-02 11:39:36,130 [INFO] ApiDb:274 - Set plugin database path to: C:\ST\STM32CubeIDE_1.19.0\STM32CubeIDE\plugins\com.st.stm32cube.common.mx_6.15.0.202507011659\\db\/plugins/boardmanager/
2025-11-02 11:39:36,130 [INFO] ApiDb:261 - Set plugin images path to: C:\ST\STM32CubeIDE_1.19.0\STM32CubeIDE\plugins\com.st.stm32cube.common.mx_6.15.0.202507011659\\db\/plugins/mcufinder/images/
2025-11-02 11:39:36,130 [WARN] DbFile:41 - Overriding database path with different value: C:\Users\nico2\.stmcufinder\plugins\mcufinder/ => C:\Users\nico2\.stmcufinder\plugins\mcufinder
2025-11-02 11:39:36,130 [INFO] ApiDb:250 - Set database path to: C:\Users\nico2\.stmcufinder\plugins\mcufinder//mcu/
2025-11-02 11:39:36,130 [WARN] DbFile:41 - Overriding database path with different value: C:\Users\nico2\.stmcufinder\plugins\mcufinder/ => C:\Users\nico2\.stmcufinder\plugins\mcufinder
2025-11-02 11:39:36,130 [INFO] DbMcusAds:125 - Set database path to: C:\Users\nico2\.stmcufinder\plugins\mcufinder//mcu/
2025-11-02 11:39:36,130 [WARN] DbFile:41 - Overriding database path with different value: C:\Users\nico2\.stmcufinder\plugins\mcufinder/ => C:\Users\nico2\.stmcufinder\plugins\mcufinder
2025-11-02 11:39:36,131 [WARN] DbFile:41 - Overriding database path with different value: C:\Users\nico2\.stmcufinder\plugins\mcufinder/ => C:\Users\nico2\.stmcufinder\plugins\mcufinder
2025-11-02 11:39:36,131 [INFO] CrossReferenceDbSqlite:203 - Set database path to: C:\Users\nico2\.stmcufinder\plugins\mcufinder//mcu/cs/
2025-11-02 11:39:36,150 [INFO] ApplicationProperties:184 - Using Application install path: C:\ST\STM32CubeIDE_1.19.0\STM32CubeIDE\plugins\com.st.stm32cube.common.mx_6.15.0.202507011659
2025-11-02 11:39:36,152 [INFO] PluginManage:196 - Search for loadable plugins [exclusion list=, ]
2025-11-02 11:39:36,153 [INFO] PluginManage:310 - Check plugin analytics
2025-11-02 11:39:36,406 [INFO] AnalyticsPlugin:253 - Accepted Software Licenses: 
2025-11-02 11:39:36,406 [INFO] AnalyticsPlugin:255 - Accepted CMSIS Pack Licenses: 
2025-11-02 11:39:36,407 [INFO] AnalyticsPlugin:257 - Accepted Firmware Licenses: 
2025-11-02 11:39:36,420 [INFO] PluginManage:359 - Loaded plugin analytics (category:tool,tabindex:-1)
2025-11-02 11:39:36,420 [INFO] PluginManage:310 - Check plugin cadmodel
2025-11-02 11:39:36,427 [INFO] CADModel:105 - Init CAD model plugin
2025-11-02 11:39:36,428 [INFO] PluginManage:359 - Loaded plugin cadmodel (category:power,tabindex:5)
2025-11-02 11:39:36,428 [INFO] PluginManage:310 - Check plugin clock
2025-11-02 11:39:36,437 [INFO] PluginManage:359 - Loaded plugin clock (category:base,tabindex:2)
2025-11-02 11:39:36,437 [INFO] PluginManage:310 - Check plugin ddr
2025-11-02 11:39:36,439 [INFO] PluginManage:359 - Loaded plugin ddr (category:tool,tabindex:6)
2025-11-02 11:39:36,439 [INFO] PluginManage:310 - Check plugin filemanager
2025-11-02 11:39:36,618 [INFO] PluginManage:359 - Loaded plugin filemanager (category:base,tabindex:10)
2025-11-02 11:39:36,618 [INFO] PluginManage:310 - Check plugin ipmanager
2025-11-02 11:39:36,623 [INFO] PluginManage:359 - Loaded plugin ipmanager (category:base,tabindex:5)
2025-11-02 11:39:36,623 [INFO] PluginManage:310 - Check plugin lpbam
2025-11-02 11:39:36,631 [INFO] PluginManage:359 - Loaded plugin lpbam (category:base,tabindex:0)
2025-11-02 11:39:36,634 [INFO] PluginManage:310 - Check plugin memorymap
2025-11-02 11:39:36,648 [INFO] PluginManage:359 - Loaded plugin memorymap (category:base,tabindex:4)
2025-11-02 11:39:36,648 [INFO] PluginManage:310 - Check plugin pinoutandconfiguration
2025-11-02 11:39:36,653 [INFO] PluginManage:359 - Loaded plugin pinoutandconfiguration (category:base,tabindex:1)
2025-11-02 11:39:36,653 [INFO] PluginManage:310 - Check plugin pinoutconfig
2025-11-02 11:39:36,788 [WARN] SupportedApi:132 - Cannot load RTOS API schema: s4s-elt-must-match.1: The content of 'definitions' must match (annotation?, (simpleType | complexType)?, (unique | key | keyref)*)). A problem was found starting at: attribute.
2025-11-02 11:39:37,006 [INFO] PluginManage:359 - Loaded plugin pinoutconfig (category:base,tabindex:0)
2025-11-02 11:39:37,006 [INFO] PluginManage:310 - Check plugin power
2025-11-02 11:39:37,012 [INFO] PluginManage:359 - Loaded plugin power (category:power,tabindex:4)
2025-11-02 11:39:37,012 [INFO] PluginManage:310 - Check plugin projectmanager
2025-11-02 11:39:37,066 [INFO] PluginManage:359 - Loaded plugin projectmanager (category:projectmanager,tabindex:4)
2025-11-02 11:39:37,066 [INFO] PluginManage:310 - Check plugin rif
2025-11-02 11:39:37,079 [INFO] PluginManage:359 - Loaded plugin rif (category:base,tabindex:3)
2025-11-02 11:39:37,079 [INFO] PluginManage:310 - Check plugin thirdparty
2025-11-02 11:39:37,676 [INFO] PluginManage:359 - Loaded plugin thirdparty (category:base,tabindex:-1)
2025-11-02 11:39:37,676 [INFO] PluginManage:310 - Check plugin tools
2025-11-02 11:39:37,678 [INFO] PluginManage:359 - Loaded plugin tools (category:base,tabindex:7)
2025-11-02 11:39:37,678 [INFO] PluginManage:310 - Check plugin tutovideos
2025-11-02 11:39:37,692 [WARN] IntegrityCheckThread:84 - waiting for thirdparty lock release [integrity check]
2025-11-02 11:39:37,693 [INFO] IntegrityCheckThread:86 - entering critical section [integrity check]
2025-11-02 11:39:37,694 [INFO] ThirdPartyUpdaterWithRetryManager:70 - Updater plugin not ready yet. [1/15]
2025-11-02 11:39:37,936 [INFO] PluginManage:359 - Loaded plugin tutovideos (category:base,tabindex:-1)
2025-11-02 11:39:37,936 [INFO] PluginManage:310 - Check plugin updater
2025-11-02 11:39:38,080 [INFO] PluginManage:359 - Loaded plugin updater (category:base,tabindex:12)
2025-11-02 11:39:38,080 [INFO] PluginManage:310 - Check plugin userauth
2025-11-02 11:39:38,086 [INFO] UserAuth:118 - Init User Auth plugin
2025-11-02 11:39:38,087 [INFO] PluginManage:359 - Loaded plugin userauth (category:base,tabindex:14)
2025-11-02 11:39:38,087 [INFO] PluginManage:283 - PluginManage : Loaded plugins [18]
2025-11-02 11:39:38,447 [INFO] PinOutPanel:1589 - setPackage(No Configuration,No Configuration)
2025-11-02 11:39:38,596 [INFO] CADModel:165 - CPN selected for project level
2025-11-02 11:39:38,659 [INFO] CADModel:114 - Register for checkConnection events
2025-11-02 11:39:38,675 [INFO] IPUIPlugin:80 - create IPUIPlugin
2025-11-02 11:39:38,675 [INFO] PluginManager:220 - loadIPPluginJar : add adc
2025-11-02 11:39:38,678 [INFO] IPUIPlugin:80 - create IPUIPlugin
2025-11-02 11:39:38,678 [INFO] PluginManager:220 - loadIPPluginJar : add aes
2025-11-02 11:39:38,679 [INFO] IPUIPlugin:80 - create IPUIPlugin
2025-11-02 11:39:38,680 [INFO] PluginManager:220 - loadIPPluginJar : add can
2025-11-02 11:39:38,681 [INFO] IPUIPlugin:80 - create IPUIPlugin
2025-11-02 11:39:38,681 [INFO] PluginManager:220 - loadIPPluginJar : add comp
2025-11-02 11:39:38,685 [INFO] IPUIPlugin:80 - create IPUIPlugin
2025-11-02 11:39:38,685 [INFO] PluginManager:220 - loadIPPluginJar : add cryp
2025-11-02 11:39:38,686 [INFO] IPUIPlugin:80 - create IPUIPlugin
2025-11-02 11:39:38,686 [INFO] PluginManager:220 - loadIPPluginJar : add ddr_ctrl_phy
2025-11-02 11:39:38,688 [INFO] IPUIPlugin:80 - create IPUIPlugin
2025-11-02 11:39:38,688 [INFO] PluginManager:220 - loadIPPluginJar : add dfsdm
2025-11-02 11:39:38,691 [INFO] IPUIPlugin:80 - create IPUIPlugin
2025-11-02 11:39:38,691 [INFO] PluginManager:220 - loadIPPluginJar : add dma
2025-11-02 11:39:38,692 [INFO] IPUIPlugin:80 - create IPUIPlugin
2025-11-02 11:39:38,693 [INFO] PluginManager:220 - loadIPPluginJar : add dma3
2025-11-02 11:39:38,694 [INFO] IPUIPlugin:80 - create IPUIPlugin
2025-11-02 11:39:38,694 [INFO] PluginManager:220 - loadIPPluginJar : add extmemmanager
2025-11-02 11:39:38,695 [INFO] IPUIPlugin:80 - create IPUIPlugin
2025-11-02 11:39:38,695 [INFO] PluginManager:220 - loadIPPluginJar : add fatfs
2025-11-02 11:39:38,699 [INFO] IPUIPlugin:80 - create IPUIPlugin
2025-11-02 11:39:38,699 [INFO] PluginManager:220 - loadIPPluginJar : add fmc
2025-11-02 11:39:38,701 [INFO] IPUIPlugin:80 - create IPUIPlugin
2025-11-02 11:39:38,702 [INFO] PluginManager:220 - loadIPPluginJar : add freertos
2025-11-02 11:39:38,702 [INFO] IPUIPlugin:80 - create IPUIPlugin
2025-11-02 11:39:38,702 [INFO] PluginManager:220 - loadIPPluginJar : add genericplugin
2025-11-02 11:39:38,708 [INFO] IPUIPlugin:80 - create IPUIPlugin
2025-11-02 11:39:38,708 [INFO] PluginManager:220 - loadIPPluginJar : add gfxmmu
2025-11-02 11:39:38,736 [INFO] IPUIPlugin:80 - create IPUIPlugin
2025-11-02 11:39:38,736 [INFO] PluginManager:220 - loadIPPluginJar : add gic
2025-11-02 11:39:38,739 [INFO] IPUIPlugin:80 - create IPUIPlugin
2025-11-02 11:39:38,739 [INFO] PluginManager:220 - loadIPPluginJar : add gpio
2025-11-02 11:39:38,741 [INFO] IPUIPlugin:80 - create IPUIPlugin
2025-11-02 11:39:38,741 [INFO] PluginManager:220 - loadIPPluginJar : add gtzc
2025-11-02 11:39:38,742 [INFO] IPUIPlugin:80 - create IPUIPlugin
2025-11-02 11:39:38,742 [INFO] PluginManager:220 - loadIPPluginJar : add hash
2025-11-02 11:39:38,743 [INFO] IPUIPlugin:80 - create IPUIPlugin
2025-11-02 11:39:38,743 [INFO] PluginManager:220 - loadIPPluginJar : add i2c
2025-11-02 11:39:38,745 [INFO] IPUIPlugin:80 - create IPUIPlugin
2025-11-02 11:39:38,745 [INFO] PluginManager:220 - loadIPPluginJar : add i2s
2025-11-02 11:39:38,747 [INFO] IPUIPlugin:80 - create IPUIPlugin
2025-11-02 11:39:38,747 [INFO] PluginManager:220 - loadIPPluginJar : add i3c
2025-11-02 11:39:38,749 [INFO] IPUIPlugin:80 - create IPUIPlugin
2025-11-02 11:39:38,749 [INFO] PluginManager:220 - loadIPPluginJar : add ipddr
2025-11-02 11:39:38,753 [INFO] IPUIPlugin:80 - create IPUIPlugin
2025-11-02 11:39:38,754 [INFO] PluginManager:220 - loadIPPluginJar : add linkedlist
2025-11-02 11:39:38,756 [INFO] IPUIPlugin:80 - create IPUIPlugin
2025-11-02 11:39:38,764 [INFO] PluginManager:220 - loadIPPluginJar : add lorawan
2025-11-02 11:39:38,765 [INFO] IPUIPlugin:80 - create IPUIPlugin
2025-11-02 11:39:38,765 [INFO] PluginManager:220 - loadIPPluginJar : add ltdc
2025-11-02 11:39:38,774 [INFO] IPUIPlugin:80 - create IPUIPlugin
2025-11-02 11:39:38,774 [INFO] PluginManager:220 - loadIPPluginJar : add mdma
2025-11-02 11:39:38,776 [INFO] IPUIPlugin:80 - create IPUIPlugin
2025-11-02 11:39:38,776 [INFO] PluginManager:220 - loadIPPluginJar : add nvic
2025-11-02 11:39:38,778 [INFO] IPUIPlugin:80 - create IPUIPlugin
2025-11-02 11:39:38,778 [INFO] PluginManager:220 - loadIPPluginJar : add opamp
2025-11-02 11:39:38,779 [INFO] IPUIPlugin:80 - create IPUIPlugin
2025-11-02 11:39:38,779 [INFO] PluginManager:220 - loadIPPluginJar : add openamp
2025-11-02 11:39:38,781 [INFO] IPUIPlugin:80 - create IPUIPlugin
2025-11-02 11:39:38,781 [INFO] PluginManager:220 - loadIPPluginJar : add pdm2pcm
2025-11-02 11:39:38,785 [INFO] IPUIPlugin:80 - create IPUIPlugin
2025-11-02 11:39:38,786 [INFO] PluginManager:220 - loadIPPluginJar : add plateformsettings
2025-11-02 11:39:38,787 [INFO] IPUIPlugin:80 - create IPUIPlugin
2025-11-02 11:39:38,787 [INFO] PluginManager:220 - loadIPPluginJar : add quadspi
2025-11-02 11:39:38,788 [INFO] IPUIPlugin:80 - create IPUIPlugin
2025-11-02 11:39:38,789 [INFO] PluginManager:220 - loadIPPluginJar : add radio
2025-11-02 11:39:38,790 [INFO] IPUIPlugin:80 - create IPUIPlugin
2025-11-02 11:39:38,790 [INFO] PluginManager:220 - loadIPPluginJar : add resmgrutility
2025-11-02 11:39:38,792 [INFO] IPUIPlugin:80 - create IPUIPlugin
2025-11-02 11:39:38,792 [INFO] PluginManager:220 - loadIPPluginJar : add sai
2025-11-02 11:39:38,794 [INFO] IPUIPlugin:80 - create IPUIPlugin
2025-11-02 11:39:38,794 [INFO] PluginManager:220 - loadIPPluginJar : add spi
2025-11-02 11:39:38,798 [INFO] IPUIPlugin:80 - create IPUIPlugin
2025-11-02 11:39:38,798 [INFO] PluginManager:220 - loadIPPluginJar : add stm32_wpan
2025-11-02 11:39:38,798 [INFO] IPUIPlugin:80 - create IPUIPlugin
2025-11-02 11:39:38,798 [INFO] PluginManager:220 - loadIPPluginJar : add tim
2025-11-02 11:39:38,800 [INFO] IPUIPlugin:80 - create IPUIPlugin
2025-11-02 11:39:38,800 [INFO] PluginManager:220 - loadIPPluginJar : add touchsensing
2025-11-02 11:39:38,801 [INFO] IPUIPlugin:80 - create IPUIPlugin
2025-11-02 11:39:38,801 [INFO] PluginManager:220 - loadIPPluginJar : add tracer_emb
2025-11-02 11:39:38,802 [INFO] IPUIPlugin:80 - create IPUIPlugin
2025-11-02 11:39:38,803 [INFO] PluginManager:220 - loadIPPluginJar : add ts
2025-11-02 11:39:38,804 [INFO] IPUIPlugin:80 - create IPUIPlugin
2025-11-02 11:39:38,804 [INFO] PluginManager:220 - loadIPPluginJar : add tsc
2025-11-02 11:39:38,806 [INFO] IPUIPlugin:80 - create IPUIPlugin
2025-11-02 11:39:38,806 [INFO] PluginManager:220 - loadIPPluginJar : add ucpd
2025-11-02 11:39:38,807 [INFO] IPUIPlugin:80 - create IPUIPlugin
2025-11-02 11:39:38,807 [INFO] PluginManager:220 - loadIPPluginJar : add usart
2025-11-02 11:39:38,820 [INFO] IPUIPlugin:80 - create IPUIPlugin
2025-11-02 11:39:38,820 [INFO] PluginManager:220 - loadIPPluginJar : add usbx
2025-11-02 11:39:38,963 [FATAL] Updater:351 - Updater called before beeing initialized
2025-11-02 11:39:39,033 [INFO] RulesReader:64 - Compatibility file has been processed (317 Rules)
2025-11-02 11:39:39,038 [INFO] RulesReader:64 - Compatibility file has been processed (317 Rules)
2025-11-02 11:39:39,043 [INFO] CADModel:165 - CPN selected for project level
2025-11-02 11:39:39,043 [INFO] CADModel:114 - Register for checkConnection events
2025-11-02 11:39:39,043 [FATAL] Updater:351 - Updater called before beeing initialized
2025-11-02 11:39:39,043 [ERROR] CADModel:125 - Updater not yet initialized, retry later 
2025-11-02 11:39:39,521 [FATAL] Updater:351 - Updater called before beeing initialized
2025-11-02 11:39:39,523 [INFO] CADModel:165 - CPN selected for project level
2025-11-02 11:39:39,523 [INFO] CADModel:114 - Register for checkConnection events
2025-11-02 11:39:39,523 [FATAL] Updater:351 - Updater called before beeing initialized
2025-11-02 11:39:39,523 [ERROR] CADModel:125 - Updater not yet initialized, retry later 
2025-11-02 11:39:39,526 [FATAL] Updater:351 - Updater called before beeing initialized
2025-11-02 11:39:39,681 [FATAL] Updater:351 - Updater called before beeing initialized
2025-11-02 11:39:39,686 [INFO] DbMcusAds:53 - JSON generation date=Thu Oct 02 02:36:05 PDT 2025 (1759397765645)
2025-11-02 11:39:39,687 [FATAL] Updater:351 - Updater called before beeing initialized
2025-11-02 11:39:39,728 [WARN] DetailPanel:346 - Failed to get advertising image, set to default
2025-11-02 11:39:39,804 [FATAL] Updater:351 - Updater called before beeing initialized
2025-11-02 11:39:39,807 [FATAL] Updater:351 - Updater called before beeing initialized
2025-11-02 11:39:39,807 [FATAL] Updater:351 - Updater called before beeing initialized
2025-11-02 11:39:39,807 [WARN] DetailPanel:346 - Failed to get advertising image, set to default
2025-11-02 11:39:39,808 [FATAL] Updater:351 - Updater called before beeing initialized
2025-11-02 11:39:39,872 [ERROR] Updater:1198 - MainUpdater not yet initialized. External WinMGr cannot be set.
2025-11-02 11:39:39,874 [INFO] Updater:1134 - Updater Version found : 6.15.0
2025-11-02 11:39:39,888 [INFO] ApplicationProperties:184 - Using Application install path: C:\ST\STM32CubeIDE_1.19.0\STM32CubeIDE\plugins\com.st.stm32cube.common.mx_6.15.0.202507011659
2025-11-02 11:39:40,696 [INFO] ThirdPartyUpdaterWithRetryManager:70 - Updater plugin not ready yet. [2/15]
2025-11-02 11:39:41,501 [ERROR] LogOutputStream:75 - [STDERR_REDIRECT] Nov 02, 2025 11:39:41 AM java.util.prefs.WindowsPreferences <init>
2025-11-02 11:39:41,504 [ERROR] LogOutputStream:75 - [STDERR_REDIRECT] WARNING: Could not open/create prefs root node Software\JavaSoft\Prefs at root 0xffffffff80000002. Windows RegCreateKeyEx(...) returned error code 5.
2025-11-02 11:39:41,504 [ERROR] LogOutputStream:75 - [STDERR_REDIRECT] 
2025-11-02 11:39:42,427 [INFO] MainUpdater:2872 - connection check result : 10
2025-11-02 11:39:42,574 [INFO] MainUpdater:289 - Updater Check For Update Now.
2025-11-02 11:39:42,772 [INFO] MicroXplorer:498 - Change Database Version : DB.6.0.150
2025-11-02 11:39:43,057 [INFO] CheckServerUpdateThread:120 - End of CheckServer Thread
2025-11-02 11:39:43,058 [INFO] McuFinderGlobals:63 - Set McuFinder mode to 2 (CubeIDE integrated)
2025-11-02 11:39:43,059 [INFO] UserAuth:487 - Internet connection configuration mode: 1
2025-11-02 11:39:43,185 [INFO] JxBrowserEngine:152 - Initiate JxBrowser Engine with user profile folder
2025-11-02 11:39:44,507 [WARN] PackLoader:240 - Cannot read IP mode file for STMicroelectronics.FP-SNS-MOTENVWB1.1.4.0
2025-11-02 11:39:44,537 [WARN] PackLoader:240 - Cannot read IP mode file for STMicroelectronics.FP-ATR-ASTRA1.2.0.2
2025-11-02 11:39:44,556 [WARN] PackLoader:240 - Cannot read IP mode file for STMicroelectronics.X-CUBE-SMBUS.2.1.0
2025-11-02 11:39:44,563 [WARN] PackLoader:240 - Cannot read IP mode file for STMicroelectronics.X-CUBE-ST60.1.0.0
2025-11-02 11:39:44,683 [WARN] PackLoader:240 - Cannot read IP mode file for STMicroelectronics.X-CUBE-AZRTOS-F7.1.1.0
2025-11-02 11:39:44,694 [WARN] PackLoader:240 - Cannot read IP mode file for Cesanta.I-CUBE-Mongoose.7.19.0
2025-11-02 11:39:44,708 [WARN] PackLoader:240 - Cannot read IP mode file for STMicroelectronics.FP-SNS-MOTENV1.5.1.0
2025-11-02 11:39:44,818 [WARN] PackLoader:240 - Cannot read IP mode file for Infineon.AIROC-Wi-Fi-Bluetooth-STM32.1.7.1
2025-11-02 11:39:45,174 [WARN] PackLoader:240 - Cannot read IP mode file for STMicroelectronics.X-CUBE-AZRTOS-H7.3.4.0
2025-11-02 11:39:45,236 [WARN] PackLoader:240 - Cannot read IP mode file for STMicroelectronics.X-CUBE-DISPLAY.3.0.0
2025-11-02 11:39:45,256 [WARN] PackLoader:240 - Cannot read IP mode file for STMicroelectronics.X-CUBE-NFC10.1.0.0
2025-11-02 11:39:45,278 [WARN] PackLoader:240 - Cannot read IP mode file for STMicroelectronics.X-CUBE-ST60.1.1.0
2025-11-02 11:39:45,282 [WARN] PackLoader:240 - Cannot read IP mode file for emotas.I-CUBE-CANOPEN.1.3.0
2025-11-02 11:39:45,374 [WARN] PackLoader:240 - Cannot read IP mode file for STMicroelectronics.X-CUBE-GNSS1.7.1.0
2025-11-02 11:39:45,381 [WARN] PackLoader:240 - Cannot read IP mode file for STMicroelectronics.FP-SNS-STBOX1.2.1.0
2025-11-02 11:39:45,394 [WARN] PackLoader:240 - Cannot read IP mode file for STMicroelectronics.FP-SNS-SMARTAG2.1.2.0
2025-11-02 11:39:45,396 [WARN] PackLoader:240 - Cannot read IP mode file for STMicroelectronics.FP-SNS-FLIGHT1.5.1.0
2025-11-02 11:39:45,403 [INFO] LogOutputStream:77 - [STDOUT_REDIRECT] 1 : Invalid condition id : UX_CORESTACK_Condition cause : null
2025-11-02 11:39:45,403 [INFO] LogOutputStream:77 - [STDOUT_REDIRECT] 1 : Invalid condition id : UX_CORESTACK_Condition cause : null
2025-11-02 11:39:45,404 [INFO] LogOutputStream:77 - [STDOUT_REDIRECT] 1 : Invalid condition id : UX_CORESTACK_Condition cause : null
2025-11-02 11:39:45,404 [INFO] LogOutputStream:77 - [STDOUT_REDIRECT] 1 : Invalid condition id : UX_CORESTACK_Condition cause : null
2025-11-02 11:39:45,452 [INFO] LogOutputStream:77 - [STDOUT_REDIRECT] 1 : Invalid condition id : UX_CORESTACK_Condition cause : null
2025-11-02 11:39:45,453 [WARN] PackLoader:240 - Cannot read IP mode file for STMicroelectronics.X-CUBE-AZRTOS-WL.2.0.0
2025-11-02 11:39:45,504 [WARN] PackLoader:240 - Cannot read IP mode file for STMicroelectronics.FP-SNS-MOTENV1.5.0.0
2025-11-02 11:39:45,508 [WARN] PackLoader:240 - Cannot read IP mode file for WES.I-CUBE-Cesium.1.3.0
2025-11-02 11:39:45,514 [WARN] PackLoader:240 - Cannot read IP mode file for STMicroelectronics.X-CUBE-BLE2.3.3.0
2025-11-02 11:39:45,521 [WARN] PackLoader:240 - Cannot read IP mode file for STMicroelectronics.X-CUBE-NFC9.1.0.0
2025-11-02 11:39:45,525 [WARN] PackLoader:240 - Cannot read IP mode file for STMicroelectronics.X-CUBE-BLE1.7.1.0
2025-11-02 11:39:45,529 [WARN] PackLoader:240 - Cannot read IP mode file for STMicroelectronics.X-CUBE-EEPRMA1.5.2.0
2025-11-02 11:39:45,544 [WARN] PackLoader:240 - Cannot read IP mode file for STMicroelectronics.X-CUBE-ST67W61.1.1.0
2025-11-02 11:39:45,640 [WARN] PackLoader:240 - Cannot read IP mode file for STMicroelectronics.X-CUBE-AZRTOS-G0.1.1.0
2025-11-02 11:39:45,645 [WARN] PackLoader:240 - Cannot read IP mode file for STMicroelectronics.X-CUBE-SAFEA1.1.2.2
2025-11-02 11:39:45,650 [WARN] PackLoader:240 - Cannot read IP mode file for STMicroelectronics.X-CUBE-NFC4.3.0.0
2025-11-02 11:39:45,655 [WARN] PackLoader:240 - Cannot read IP mode file for EmbeddedOffice.I-CUBE-FS-RTOS.1.0.1
2025-11-02 11:39:45,658 [WARN] PackLoader:240 - Cannot read IP mode file for STMicroelectronics.X-CUBE-WB05N.2.0.0
2025-11-02 11:39:45,756 [WARN] PackLoader:240 - Cannot read IP mode file for STMicroelectronics.X-CUBE-TCPP.4.2.0
2025-11-02 11:39:45,772 [WARN] PackLoader:240 - Cannot read IP mode file for RealThread.X-CUBE-RT-Thread_Nano.4.1.1
2025-11-02 11:39:45,774 [WARN] PackLoader:240 - Cannot read IP mode file for STMicroelectronics.FP-ATR-SIGFOX1.3.2.0
2025-11-02 11:39:45,777 [WARN] PackLoader:240 - Cannot read IP mode file for ITTIA_DB.I-CUBE-ITTIADB.8.9.0
2025-11-02 11:39:45,780 [WARN] PackLoader:240 - Cannot read IP mode file for STMicroelectronics.X-CUBE-ST67W61.1.0.0
2025-11-02 11:39:45,783 [WARN] PackLoader:240 - Cannot read IP mode file for STMicroelectronics.X-CUBE-AI.10.2.0
2025-11-02 11:39:45,890 [WARN] PackLoader:240 - Cannot read IP mode file for SEGGER.I-CUBE-embOS.1.3.1
2025-11-02 11:39:46,331 [WARN] PackLoader:240 - Cannot read IP mode file for STMicroelectronics.X-CUBE-ALGOBUILD.1.4.0
2025-11-02 11:39:46,445 [WARN] PackLoader:240 - Cannot read IP mode file for STMicroelectronics.X-CUBE-MEMS1.11.3.0
2025-11-02 11:39:47,959 [WARN] PackLoader:240 - Cannot read IP mode file for STMicroelectronics.X-CUBE-PM33A1.1.0.0
2025-11-02 11:39:48,027 [WARN] PackLoader:240 - Cannot read IP mode file for STMicroelectronics.X-CUBE-AZRTOS-F4.1.1.0
2025-11-02 11:39:48,038 [WARN] PackLoader:240 - Cannot read IP mode file for STMicroelectronics.X-CUBE-ISPU.2.1.0
2025-11-02 11:39:48,057 [WARN] PackLoader:240 - Cannot read IP mode file for STMicroelectronics.X-CUBE-IPS.3.2.0
2025-11-02 11:39:48,160 [WARN] PackLoader:240 - Cannot read IP mode file for STMicroelectronics.X-CUBE-NFC12.1.0.0
2025-11-02 11:39:48,169 [WARN] PackLoader:240 - Cannot read IP mode file for STMicroelectronics.X-CUBE-AZRTOS-L5.2.0.0
2025-11-02 11:39:48,175 [WARN] PackLoader:240 - Cannot read IP mode file for STMicroelectronics.X-CUBE-NFC6.3.1.0
2025-11-02 11:39:48,179 [WARN] PackLoader:240 - Cannot read IP mode file for STMicroelectronics.X-CUBE-FREERTOS.1.3.1
2025-11-02 11:39:48,219 [WARN] PackLoader:240 - Cannot read IP mode file for STMicroelectronics.X-CUBE-TOUCHGFX.4.26.0
2025-11-02 11:39:48,280 [WARN] PackLoader:240 - Cannot read IP mode file for STMicroelectronics.FP-SNS-STAIOTCFT.1.0.0
2025-11-02 11:39:48,285 [WARN] PackLoader:240 - Cannot read IP mode file for STMicroelectronics.X-CUBE-DPower.1.3.0
2025-11-02 11:39:53,410 [WARN] ConditionMgr:438 - getConditionDescription Invalid condition id : LAN8742 Phy interface Condition cause : null
2025-11-02 11:39:53,411 [WARN] PackLoader:240 - Cannot read IP mode file for STMicroelectronics.X-CUBE-AZRTOS-L4.2.0.0
2025-11-02 11:39:53,411 [WARN] ConditionMgr:1044 - genDependencies : Invalid condition id : LAN8742 Phy interface Condition cause : null
2025-11-02 11:39:53,412 [WARN] ConditionMgr:1044 - genDependencies : Invalid condition id : LAN8742 Phy interface Condition cause : null
2025-11-02 11:39:53,412 [WARN] ConditionMgr:1044 - genDependencies : Invalid condition id : LAN8742 Phy interface Condition cause : null
2025-11-02 11:39:53,416 [WARN] PackLoader:240 - Cannot read IP mode file for STMicroelectronics.X-CUBE-SFXS2LP1.4.0.0
2025-11-02 11:39:53,421 [WARN] PackLoader:240 - Cannot read IP mode file for STMicroelectronics.X-CUBE-BLEMGR.4.1.0
2025-11-02 11:39:53,428 [WARN] ConditionMgr:438 - getConditionDescription Invalid condition id : UX DEVICE CLASS RTOS Condition cause : null
2025-11-02 11:39:53,428 [WARN] ConditionMgr:438 - getConditionDescription Invalid condition id : UX DEVICE CLASS RTOS Condition cause : null
2025-11-02 11:39:53,428 [WARN] PackLoader:240 - Cannot read IP mode file for STMicroelectronics.X-CUBE-AZRTOS-WB.2.0.0
2025-11-02 11:39:53,429 [WARN] ConditionMgr:1044 - genDependencies : Invalid condition id : UX DEVICE CLASS RTOS Condition cause : null
2025-11-02 11:39:53,429 [WARN] ConditionMgr:1044 - genDependencies : Invalid condition id : UX DEVICE CLASS RTOS Condition cause : null
2025-11-02 11:39:53,429 [WARN] ConditionMgr:1044 - genDependencies : Invalid condition id : UX DEVICE CLASS RTOS Condition cause : null
2025-11-02 11:39:53,429 [WARN] ConditionMgr:1044 - genDependencies : Invalid condition id : UX DEVICE CLASS RTOS Condition cause : null
2025-11-02 11:39:53,429 [WARN] ConditionMgr:1044 - genDependencies : Invalid condition id : UX DEVICE CLASS RTOS Condition cause : null
2025-11-02 11:39:53,432 [WARN] PackLoader:240 - Cannot read IP mode file for STMicroelectronics.X-CUBE-GNSS1.7.0.1
2025-11-02 11:39:53,434 [WARN] PackLoader:240 - Cannot read IP mode file for STMicroelectronics.X-CUBE-TOUCHGFX.4.25.0
2025-11-02 11:39:53,436 [WARN] ConditionMgr:438 - getConditionDescription Invalid condition id : Cortex-A Device cause : null
2025-11-02 11:39:53,555 [WARN] ConditionMgr:1044 - genDependencies : Invalid condition id : Cortex-A Device cause : null
2025-11-02 11:39:53,556 [WARN] ConditionMgr:1044 - genDependencies : Invalid condition id : Cortex-A Device cause : null
2025-11-02 11:39:53,556 [WARN] ConditionMgr:1044 - genDependencies : Invalid condition id : Cortex-A Device cause : null
2025-11-02 11:39:53,562 [WARN] PackLoader:240 - Cannot read IP mode file for STMicroelectronics.X-CUBE-SUBG2.5.0.0
2025-11-02 11:39:54,077 [WARN] PackLoader:240 - Cannot read IP mode file for STMicroelectronics.X-CUBE-AZRTOS-H7RS.1.1.0
2025-11-02 11:39:54,085 [WARN] PackLoader:240 - Cannot read IP mode file for STMicroelectronics.X-CUBE-AZRTOS-G4.2.0.0
2025-11-02 11:39:54,114 [WARN] PackLoader:240 - Cannot read IP mode file for STMicroelectronics.X-CUBE-NFC7.2.0.0
2025-11-02 11:39:54,154 [WARN] PackLoader:240 - Cannot read IP mode file for STMicroelectronics.X-CUBE-IPS.3.1.0
2025-11-02 11:39:54,162 [WARN] PackLoader:240 - Cannot read IP mode file for STMicroelectronics.X-CUBE-ALS.1.0.2
2025-11-02 11:39:54,167 [WARN] PackLoader:240 - Cannot read IP mode file for STMicroelectronics.X-CUBE-STSE01.1.0.0
2025-11-02 11:39:54,234 [WARN] PackLoader:240 - Cannot read IP mode file for STMicroelectronics.X-CUBE-TOF1.3.4.3
2025-11-02 11:39:54,281 [INFO] ThirdParty:978 - Integrity check success = true
2025-11-02 11:39:54,281 [INFO] IntegrityCheckThread:100 - exiting critical section [integrity check]
2025-11-02 11:39:54,281 [INFO] IntegrityCheckThread:103 - End integrity checks thread
2025-11-02 11:40:00,665 [INFO] WebApp:169 - Instantiating new browser for Auth
2025-11-02 11:40:02,288 [INFO] WebApp:463 - Apply proxy settings
2025-11-02 11:40:02,290 [INFO] WebApp:548 - Chromium requires no authentication
2025-11-02 11:40:02,322 [INFO] WebApp:491 - Direct internet connection detected
2025-11-02 11:40:02,392 [INFO] WebApp:900 - Register for checkConnection events
2025-11-02 11:40:02,392 [INFO] WebApp:463 - Apply proxy settings
2025-11-02 11:40:02,392 [INFO] WebApp:548 - Chromium requires no authentication
2025-11-02 11:40:02,393 [INFO] WebApp:491 - Direct internet connection detected
2025-11-02 11:40:02,634 [INFO] WebApp:225 - Starting web application
2025-11-02 11:40:02,634 [INFO] WebApp:593 - Web application path used C:\ST\STM32CubeIDE_1.19.0\STM32CubeIDE\plugins\com.st.stm32cube.common.mx_6.15.0.202507011659\db\plugins\mcufinder\reactClient1\index.html
2025-11-02 11:40:02,892 [INFO] UserAuth:487 - Internet connection configuration mode: 1
2025-11-02 11:40:03,376 [INFO] WebApp:191 - Connection restablished
