2025-10-06 13:08:09,447 [INFO] Activator:176 - 


2025-10-06 13:08:09,452 [INFO] Activator:177 - !SESSION log4j initialized
2025-10-06 13:08:14,928 [INFO] LogOutputStream:77 - [STDOUT_REDIRECT] 
2025-10-06 13:08:17,866 [INFO] ApplicationProperties:184 - Using Application install path: C:\ST\STM32CubeIDE_1.19.0\STM32CubeIDE\plugins\com.st.stm32cube.common.mx_6.15.0.202507011659
2025-10-06 13:08:17,883 [INFO] DbMcusXml:78 - Set database path to: C:\ST\STM32CubeIDE_1.19.0\STM32CubeIDE\plugins\com.st.stm32cube.common.mx_6.15.0.202507011659\\db\/mcu/
2025-10-06 13:08:17,883 [INFO] ApiDb:274 - Set plugin database path to: C:\ST\STM32CubeIDE_1.19.0\STM32CubeIDE\plugins\com.st.stm32cube.common.mx_6.15.0.202507011659\\db\/plugins/boardmanager/
2025-10-06 13:08:17,884 [WARN] ApiDb:259 - Overriding images path with different value:  => C:\ST\STM32CubeIDE_1.19.0\STM32CubeIDE\plugins\com.st.stm32cube.common.mx_6.15.0.202507011659\\db\/plugins/mcufinder/images/
2025-10-06 13:08:17,890 [INFO] ApiDb:250 - Set database path to: C:\Users\nico2\.stmcufinder\plugins\mcufinder//mcu/
2025-10-06 13:08:17,891 [INFO] DbMcusAds:125 - Set database path to: C:\Users\nico2\.stmcufinder\plugins\mcufinder//mcu/
2025-10-06 13:08:17,894 [INFO] CrossReferenceDbSqlite:203 - Set database path to: C:\Users\nico2\.stmcufinder\plugins\mcufinder//mcu/cs/
2025-10-06 13:08:18,067 [INFO] RulesReader:64 - Compatibility file has been processed (317 Rules)
2025-10-06 13:08:18,151 [INFO] DbMcusXml:78 - Set database path to: C:\ST\STM32CubeIDE_1.19.0\STM32CubeIDE\plugins\com.st.stm32cube.common.mx_6.15.0.202507011659\\db\/mcu/
2025-10-06 13:08:18,152 [INFO] ApiDb:274 - Set plugin database path to: C:\ST\STM32CubeIDE_1.19.0\STM32CubeIDE\plugins\com.st.stm32cube.common.mx_6.15.0.202507011659\\db\/plugins/boardmanager/
2025-10-06 13:08:18,152 [INFO] ApiDb:261 - Set plugin images path to: C:\ST\STM32CubeIDE_1.19.0\STM32CubeIDE\plugins\com.st.stm32cube.common.mx_6.15.0.202507011659\\db\/plugins/mcufinder/images/
2025-10-06 13:08:18,152 [WARN] DbFile:41 - Overriding database path with different value: C:\Users\nico2\.stmcufinder\plugins\mcufinder/ => C:\Users\nico2\.stmcufinder\plugins\mcufinder
2025-10-06 13:08:18,152 [INFO] ApiDb:250 - Set database path to: C:\Users\nico2\.stmcufinder\plugins\mcufinder//mcu/
2025-10-06 13:08:18,152 [WARN] DbFile:41 - Overriding database path with different value: C:\Users\nico2\.stmcufinder\plugins\mcufinder/ => C:\Users\nico2\.stmcufinder\plugins\mcufinder
2025-10-06 13:08:18,152 [INFO] DbMcusAds:125 - Set database path to: C:\Users\nico2\.stmcufinder\plugins\mcufinder//mcu/
2025-10-06 13:08:18,152 [WARN] DbFile:41 - Overriding database path with different value: C:\Users\nico2\.stmcufinder\plugins\mcufinder/ => C:\Users\nico2\.stmcufinder\plugins\mcufinder
2025-10-06 13:08:18,152 [WARN] DbFile:41 - Overriding database path with different value: C:\Users\nico2\.stmcufinder\plugins\mcufinder/ => C:\Users\nico2\.stmcufinder\plugins\mcufinder
2025-10-06 13:08:18,153 [INFO] CrossReferenceDbSqlite:203 - Set database path to: C:\Users\nico2\.stmcufinder\plugins\mcufinder//mcu/cs/
2025-10-06 13:08:18,270 [INFO] MainPanel:274 - HeapMemory: 268435456
2025-10-06 13:08:18,403 [INFO] DbMcusXml:78 - Set database path to: C:\ST\STM32CubeIDE_1.19.0\STM32CubeIDE\plugins\com.st.stm32cube.common.mx_6.15.0.202507011659\\db\/mcu/
2025-10-06 13:08:18,404 [INFO] ApiDb:274 - Set plugin database path to: C:\ST\STM32CubeIDE_1.19.0\STM32CubeIDE\plugins\com.st.stm32cube.common.mx_6.15.0.202507011659\\db\/plugins/boardmanager/
2025-10-06 13:08:18,405 [INFO] ApiDb:261 - Set plugin images path to: C:\ST\STM32CubeIDE_1.19.0\STM32CubeIDE\plugins\com.st.stm32cube.common.mx_6.15.0.202507011659\\db\/plugins/mcufinder/images/
2025-10-06 13:08:18,405 [WARN] DbFile:41 - Overriding database path with different value: C:\Users\nico2\.stmcufinder\plugins\mcufinder/ => C:\Users\nico2\.stmcufinder\plugins\mcufinder
2025-10-06 13:08:18,405 [INFO] ApiDb:250 - Set database path to: C:\Users\nico2\.stmcufinder\plugins\mcufinder//mcu/
2025-10-06 13:08:18,405 [WARN] DbFile:41 - Overriding database path with different value: C:\Users\nico2\.stmcufinder\plugins\mcufinder/ => C:\Users\nico2\.stmcufinder\plugins\mcufinder
2025-10-06 13:08:18,405 [INFO] DbMcusAds:125 - Set database path to: C:\Users\nico2\.stmcufinder\plugins\mcufinder//mcu/
2025-10-06 13:08:18,405 [WARN] DbFile:41 - Overriding database path with different value: C:\Users\nico2\.stmcufinder\plugins\mcufinder/ => C:\Users\nico2\.stmcufinder\plugins\mcufinder
2025-10-06 13:08:18,405 [WARN] DbFile:41 - Overriding database path with different value: C:\Users\nico2\.stmcufinder\plugins\mcufinder/ => C:\Users\nico2\.stmcufinder\plugins\mcufinder
2025-10-06 13:08:18,405 [INFO] CrossReferenceDbSqlite:203 - Set database path to: C:\Users\nico2\.stmcufinder\plugins\mcufinder//mcu/cs/
2025-10-06 13:08:18,429 [INFO] ApplicationProperties:184 - Using Application install path: C:\ST\STM32CubeIDE_1.19.0\STM32CubeIDE\plugins\com.st.stm32cube.common.mx_6.15.0.202507011659
2025-10-06 13:08:18,430 [INFO] PluginManage:196 - Search for loadable plugins [exclusion list=, ]
2025-10-06 13:08:18,431 [INFO] PluginManage:310 - Check plugin analytics
2025-10-06 13:08:19,182 [INFO] AnalyticsPlugin:253 - Accepted Software Licenses: 
2025-10-06 13:08:19,183 [INFO] AnalyticsPlugin:255 - Accepted CMSIS Pack Licenses: 
2025-10-06 13:08:19,183 [INFO] AnalyticsPlugin:257 - Accepted Firmware Licenses: 
2025-10-06 13:08:19,197 [INFO] PluginManage:359 - Loaded plugin analytics (category:tool,tabindex:-1)
2025-10-06 13:08:19,197 [INFO] PluginManage:310 - Check plugin cadmodel
2025-10-06 13:08:19,243 [INFO] CADModel:105 - Init CAD model plugin
2025-10-06 13:08:19,244 [INFO] PluginManage:359 - Loaded plugin cadmodel (category:power,tabindex:5)
2025-10-06 13:08:19,244 [INFO] PluginManage:310 - Check plugin clock
2025-10-06 13:08:19,251 [INFO] PluginManage:359 - Loaded plugin clock (category:base,tabindex:2)
2025-10-06 13:08:19,251 [INFO] PluginManage:310 - Check plugin ddr
2025-10-06 13:08:19,253 [INFO] PluginManage:359 - Loaded plugin ddr (category:tool,tabindex:6)
2025-10-06 13:08:19,253 [INFO] PluginManage:310 - Check plugin filemanager
2025-10-06 13:08:19,429 [INFO] PluginManage:359 - Loaded plugin filemanager (category:base,tabindex:10)
2025-10-06 13:08:19,429 [INFO] PluginManage:310 - Check plugin ipmanager
2025-10-06 13:08:19,434 [INFO] PluginManage:359 - Loaded plugin ipmanager (category:base,tabindex:5)
2025-10-06 13:08:19,434 [INFO] PluginManage:310 - Check plugin lpbam
2025-10-06 13:08:19,445 [INFO] PluginManage:359 - Loaded plugin lpbam (category:base,tabindex:0)
2025-10-06 13:08:19,446 [INFO] PluginManage:310 - Check plugin memorymap
2025-10-06 13:08:19,460 [INFO] PluginManage:359 - Loaded plugin memorymap (category:base,tabindex:4)
2025-10-06 13:08:19,461 [INFO] PluginManage:310 - Check plugin pinoutandconfiguration
2025-10-06 13:08:19,465 [INFO] PluginManage:359 - Loaded plugin pinoutandconfiguration (category:base,tabindex:1)
2025-10-06 13:08:19,465 [INFO] PluginManage:310 - Check plugin pinoutconfig
2025-10-06 13:08:19,544 [WARN] SupportedApi:132 - Cannot load RTOS API schema: s4s-elt-must-match.1: The content of 'definitions' must match (annotation?, (simpleType | complexType)?, (unique | key | keyref)*)). A problem was found starting at: attribute.
2025-10-06 13:08:19,840 [INFO] PluginManage:359 - Loaded plugin pinoutconfig (category:base,tabindex:0)
2025-10-06 13:08:19,840 [INFO] PluginManage:310 - Check plugin power
2025-10-06 13:08:19,847 [INFO] PluginManage:359 - Loaded plugin power (category:power,tabindex:4)
2025-10-06 13:08:19,847 [INFO] PluginManage:310 - Check plugin projectmanager
2025-10-06 13:08:19,867 [INFO] PluginManage:359 - Loaded plugin projectmanager (category:projectmanager,tabindex:4)
2025-10-06 13:08:19,867 [INFO] PluginManage:310 - Check plugin rif
2025-10-06 13:08:19,873 [INFO] PluginManage:359 - Loaded plugin rif (category:base,tabindex:3)
2025-10-06 13:08:19,873 [INFO] PluginManage:310 - Check plugin thirdparty
2025-10-06 13:08:20,090 [INFO] PluginManage:359 - Loaded plugin thirdparty (category:base,tabindex:-1)
2025-10-06 13:08:20,091 [INFO] PluginManage:310 - Check plugin tools
2025-10-06 13:08:20,092 [INFO] PluginManage:359 - Loaded plugin tools (category:base,tabindex:7)
2025-10-06 13:08:20,092 [INFO] PluginManage:310 - Check plugin tutovideos
2025-10-06 13:08:20,096 [WARN] IntegrityCheckThread:84 - waiting for thirdparty lock release [integrity check]
2025-10-06 13:08:20,096 [INFO] IntegrityCheckThread:86 - entering critical section [integrity check]
2025-10-06 13:08:20,096 [INFO] ThirdPartyUpdaterWithRetryManager:70 - Updater plugin not ready yet. [1/15]
2025-10-06 13:08:20,309 [INFO] PluginManage:359 - Loaded plugin tutovideos (category:base,tabindex:-1)
2025-10-06 13:08:20,309 [INFO] PluginManage:310 - Check plugin updater
2025-10-06 13:08:20,457 [INFO] PluginManage:359 - Loaded plugin updater (category:base,tabindex:12)
2025-10-06 13:08:20,457 [INFO] PluginManage:310 - Check plugin userauth
2025-10-06 13:08:20,460 [INFO] UserAuth:118 - Init User Auth plugin
2025-10-06 13:08:20,461 [INFO] PluginManage:359 - Loaded plugin userauth (category:base,tabindex:14)
2025-10-06 13:08:20,462 [INFO] PluginManage:283 - PluginManage : Loaded plugins [18]
2025-10-06 13:08:20,698 [INFO] PinOutPanel:1589 - setPackage(No Configuration,No Configuration)
2025-10-06 13:08:20,833 [INFO] CADModel:165 - CPN selected for project level
2025-10-06 13:08:20,833 [INFO] CADModel:114 - Register for checkConnection events
2025-10-06 13:08:20,927 [INFO] IPUIPlugin:80 - create IPUIPlugin
2025-10-06 13:08:20,927 [INFO] PluginManager:220 - loadIPPluginJar : add adc
2025-10-06 13:08:20,929 [INFO] IPUIPlugin:80 - create IPUIPlugin
2025-10-06 13:08:20,929 [INFO] PluginManager:220 - loadIPPluginJar : add aes
2025-10-06 13:08:20,931 [INFO] IPUIPlugin:80 - create IPUIPlugin
2025-10-06 13:08:20,931 [INFO] PluginManager:220 - loadIPPluginJar : add can
2025-10-06 13:08:20,932 [INFO] IPUIPlugin:80 - create IPUIPlugin
2025-10-06 13:08:20,932 [INFO] PluginManager:220 - loadIPPluginJar : add comp
2025-10-06 13:08:20,933 [INFO] IPUIPlugin:80 - create IPUIPlugin
2025-10-06 13:08:20,933 [INFO] PluginManager:220 - loadIPPluginJar : add cryp
2025-10-06 13:08:20,937 [INFO] IPUIPlugin:80 - create IPUIPlugin
2025-10-06 13:08:20,937 [INFO] PluginManager:220 - loadIPPluginJar : add ddr_ctrl_phy
2025-10-06 13:08:20,938 [INFO] IPUIPlugin:80 - create IPUIPlugin
2025-10-06 13:08:20,939 [INFO] PluginManager:220 - loadIPPluginJar : add dfsdm
2025-10-06 13:08:20,941 [INFO] IPUIPlugin:80 - create IPUIPlugin
2025-10-06 13:08:20,941 [INFO] PluginManager:220 - loadIPPluginJar : add dma
2025-10-06 13:08:20,943 [INFO] IPUIPlugin:80 - create IPUIPlugin
2025-10-06 13:08:20,943 [INFO] PluginManager:220 - loadIPPluginJar : add dma3
2025-10-06 13:08:20,945 [INFO] IPUIPlugin:80 - create IPUIPlugin
2025-10-06 13:08:20,945 [INFO] PluginManager:220 - loadIPPluginJar : add extmemmanager
2025-10-06 13:08:20,945 [INFO] IPUIPlugin:80 - create IPUIPlugin
2025-10-06 13:08:20,945 [INFO] PluginManager:220 - loadIPPluginJar : add fatfs
2025-10-06 13:08:20,949 [INFO] IPUIPlugin:80 - create IPUIPlugin
2025-10-06 13:08:20,949 [INFO] PluginManager:220 - loadIPPluginJar : add fmc
2025-10-06 13:08:20,951 [INFO] IPUIPlugin:80 - create IPUIPlugin
2025-10-06 13:08:20,951 [INFO] PluginManager:220 - loadIPPluginJar : add freertos
2025-10-06 13:08:20,952 [INFO] IPUIPlugin:80 - create IPUIPlugin
2025-10-06 13:08:20,952 [INFO] PluginManager:220 - loadIPPluginJar : add genericplugin
2025-10-06 13:08:20,953 [INFO] IPUIPlugin:80 - create IPUIPlugin
2025-10-06 13:08:20,953 [INFO] PluginManager:220 - loadIPPluginJar : add gfxmmu
2025-10-06 13:08:20,955 [INFO] IPUIPlugin:80 - create IPUIPlugin
2025-10-06 13:08:20,955 [INFO] PluginManager:220 - loadIPPluginJar : add gic
2025-10-06 13:08:20,957 [INFO] IPUIPlugin:80 - create IPUIPlugin
2025-10-06 13:08:20,957 [INFO] PluginManager:220 - loadIPPluginJar : add gpio
2025-10-06 13:08:20,975 [INFO] IPUIPlugin:80 - create IPUIPlugin
2025-10-06 13:08:20,975 [INFO] PluginManager:220 - loadIPPluginJar : add gtzc
2025-10-06 13:08:20,976 [INFO] IPUIPlugin:80 - create IPUIPlugin
2025-10-06 13:08:20,976 [INFO] PluginManager:220 - loadIPPluginJar : add hash
2025-10-06 13:08:20,978 [INFO] IPUIPlugin:80 - create IPUIPlugin
2025-10-06 13:08:20,978 [INFO] PluginManager:220 - loadIPPluginJar : add i2c
2025-10-06 13:08:20,979 [INFO] IPUIPlugin:80 - create IPUIPlugin
2025-10-06 13:08:20,980 [INFO] PluginManager:220 - loadIPPluginJar : add i2s
2025-10-06 13:08:20,981 [INFO] IPUIPlugin:80 - create IPUIPlugin
2025-10-06 13:08:20,981 [INFO] PluginManager:220 - loadIPPluginJar : add i3c
2025-10-06 13:08:20,983 [INFO] IPUIPlugin:80 - create IPUIPlugin
2025-10-06 13:08:20,984 [INFO] PluginManager:220 - loadIPPluginJar : add ipddr
2025-10-06 13:08:20,988 [INFO] IPUIPlugin:80 - create IPUIPlugin
2025-10-06 13:08:20,989 [INFO] PluginManager:220 - loadIPPluginJar : add linkedlist
2025-10-06 13:08:20,991 [INFO] IPUIPlugin:80 - create IPUIPlugin
2025-10-06 13:08:20,991 [INFO] PluginManager:220 - loadIPPluginJar : add lorawan
2025-10-06 13:08:20,991 [INFO] IPUIPlugin:80 - create IPUIPlugin
2025-10-06 13:08:20,991 [INFO] PluginManager:220 - loadIPPluginJar : add ltdc
2025-10-06 13:08:20,997 [INFO] IPUIPlugin:80 - create IPUIPlugin
2025-10-06 13:08:20,997 [INFO] PluginManager:220 - loadIPPluginJar : add mdma
2025-10-06 13:08:20,999 [INFO] IPUIPlugin:80 - create IPUIPlugin
2025-10-06 13:08:20,999 [INFO] PluginManager:220 - loadIPPluginJar : add nvic
2025-10-06 13:08:21,000 [INFO] IPUIPlugin:80 - create IPUIPlugin
2025-10-06 13:08:21,001 [INFO] PluginManager:220 - loadIPPluginJar : add opamp
2025-10-06 13:08:21,002 [INFO] IPUIPlugin:80 - create IPUIPlugin
2025-10-06 13:08:21,002 [INFO] PluginManager:220 - loadIPPluginJar : add openamp
2025-10-06 13:08:21,003 [INFO] IPUIPlugin:80 - create IPUIPlugin
2025-10-06 13:08:21,003 [INFO] PluginManager:220 - loadIPPluginJar : add pdm2pcm
2025-10-06 13:08:21,007 [INFO] IPUIPlugin:80 - create IPUIPlugin
2025-10-06 13:08:21,008 [INFO] PluginManager:220 - loadIPPluginJar : add plateformsettings
2025-10-06 13:08:21,009 [INFO] IPUIPlugin:80 - create IPUIPlugin
2025-10-06 13:08:21,009 [INFO] PluginManager:220 - loadIPPluginJar : add quadspi
2025-10-06 13:08:21,010 [INFO] IPUIPlugin:80 - create IPUIPlugin
2025-10-06 13:08:21,010 [INFO] PluginManager:220 - loadIPPluginJar : add radio
2025-10-06 13:08:21,012 [INFO] IPUIPlugin:80 - create IPUIPlugin
2025-10-06 13:08:21,012 [INFO] PluginManager:220 - loadIPPluginJar : add resmgrutility
2025-10-06 13:08:21,014 [INFO] IPUIPlugin:80 - create IPUIPlugin
2025-10-06 13:08:21,014 [INFO] PluginManager:220 - loadIPPluginJar : add sai
2025-10-06 13:08:21,018 [INFO] IPUIPlugin:80 - create IPUIPlugin
2025-10-06 13:08:21,018 [INFO] PluginManager:220 - loadIPPluginJar : add spi
2025-10-06 13:08:21,022 [INFO] IPUIPlugin:80 - create IPUIPlugin
2025-10-06 13:08:21,022 [INFO] PluginManager:220 - loadIPPluginJar : add stm32_wpan
2025-10-06 13:08:21,023 [INFO] IPUIPlugin:80 - create IPUIPlugin
2025-10-06 13:08:21,023 [INFO] PluginManager:220 - loadIPPluginJar : add tim
2025-10-06 13:08:21,025 [INFO] IPUIPlugin:80 - create IPUIPlugin
2025-10-06 13:08:21,025 [INFO] PluginManager:220 - loadIPPluginJar : add touchsensing
2025-10-06 13:08:21,026 [INFO] IPUIPlugin:80 - create IPUIPlugin
2025-10-06 13:08:21,026 [INFO] PluginManager:220 - loadIPPluginJar : add tracer_emb
2025-10-06 13:08:21,027 [INFO] IPUIPlugin:80 - create IPUIPlugin
2025-10-06 13:08:21,027 [INFO] PluginManager:220 - loadIPPluginJar : add ts
2025-10-06 13:08:21,027 [INFO] IPUIPlugin:80 - create IPUIPlugin
2025-10-06 13:08:21,027 [INFO] PluginManager:220 - loadIPPluginJar : add tsc
2025-10-06 13:08:21,071 [INFO] IPUIPlugin:80 - create IPUIPlugin
2025-10-06 13:08:21,071 [INFO] PluginManager:220 - loadIPPluginJar : add ucpd
2025-10-06 13:08:21,073 [INFO] IPUIPlugin:80 - create IPUIPlugin
2025-10-06 13:08:21,073 [INFO] PluginManager:220 - loadIPPluginJar : add usart
2025-10-06 13:08:21,075 [INFO] IPUIPlugin:80 - create IPUIPlugin
2025-10-06 13:08:21,075 [INFO] PluginManager:220 - loadIPPluginJar : add usbx
2025-10-06 13:08:21,226 [FATAL] Updater:351 - Updater called before beeing initialized
2025-10-06 13:08:21,271 [INFO] RulesReader:64 - Compatibility file has been processed (317 Rules)
2025-10-06 13:08:21,277 [INFO] RulesReader:64 - Compatibility file has been processed (317 Rules)
2025-10-06 13:08:21,282 [INFO] CADModel:165 - CPN selected for project level
2025-10-06 13:08:21,282 [INFO] CADModel:114 - Register for checkConnection events
2025-10-06 13:08:21,282 [FATAL] Updater:351 - Updater called before beeing initialized
2025-10-06 13:08:21,282 [ERROR] CADModel:125 - Updater not yet initialized, retry later 
2025-10-06 13:08:21,480 [FATAL] Updater:351 - Updater called before beeing initialized
2025-10-06 13:08:21,482 [INFO] CADModel:165 - CPN selected for project level
2025-10-06 13:08:21,482 [INFO] CADModel:114 - Register for checkConnection events
2025-10-06 13:08:21,482 [FATAL] Updater:351 - Updater called before beeing initialized
2025-10-06 13:08:21,482 [ERROR] CADModel:125 - Updater not yet initialized, retry later 
2025-10-06 13:08:21,484 [FATAL] Updater:351 - Updater called before beeing initialized
2025-10-06 13:08:21,662 [FATAL] Updater:351 - Updater called before beeing initialized
2025-10-06 13:08:21,668 [INFO] DbMcusAds:53 - JSON generation date=Thu Oct 02 02:36:05 PDT 2025 (1759397765645)
2025-10-06 13:08:21,668 [FATAL] Updater:351 - Updater called before beeing initialized
2025-10-06 13:08:21,702 [WARN] DetailPanel:346 - Failed to get advertising image, set to default
2025-10-06 13:08:21,986 [FATAL] Updater:351 - Updater called before beeing initialized
2025-10-06 13:08:21,989 [FATAL] Updater:351 - Updater called before beeing initialized
2025-10-06 13:08:21,989 [FATAL] Updater:351 - Updater called before beeing initialized
2025-10-06 13:08:21,989 [WARN] DetailPanel:346 - Failed to get advertising image, set to default
2025-10-06 13:08:21,990 [FATAL] Updater:351 - Updater called before beeing initialized
2025-10-06 13:08:22,034 [ERROR] Updater:1198 - MainUpdater not yet initialized. External WinMGr cannot be set.
2025-10-06 13:08:22,036 [INFO] Updater:1134 - Updater Version found : 6.15.0
2025-10-06 13:08:22,050 [INFO] ApplicationProperties:184 - Using Application install path: C:\ST\STM32CubeIDE_1.19.0\STM32CubeIDE\plugins\com.st.stm32cube.common.mx_6.15.0.202507011659
2025-10-06 13:08:23,097 [INFO] ThirdPartyUpdaterWithRetryManager:70 - Updater plugin not ready yet. [2/15]
2025-10-06 13:08:23,627 [ERROR] LogOutputStream:75 - [STDERR_REDIRECT] Oct 06, 2025 1:08:23 PM java.util.prefs.WindowsPreferences <init>
2025-10-06 13:08:23,629 [ERROR] LogOutputStream:75 - [STDERR_REDIRECT] WARNING: Could not open/create prefs root node Software\JavaSoft\Prefs at root 0xffffffff80000002. Windows RegCreateKeyEx(...) returned error code 5.
2025-10-06 13:08:23,629 [ERROR] LogOutputStream:75 - [STDERR_REDIRECT] 
2025-10-06 13:08:25,201 [INFO] MainUpdater:2872 - connection check result : 10
2025-10-06 13:08:25,201 [INFO] MainUpdater:289 - Updater Check For Update Now.
2025-10-06 13:08:25,201 [INFO] MicroXplorer:498 - Change Database Version : DB.6.0.150
2025-10-06 13:08:25,205 [INFO] McuFinderGlobals:63 - Set McuFinder mode to 2 (CubeIDE integrated)
2025-10-06 13:08:25,205 [INFO] UserAuth:487 - Internet connection configuration mode: 1
2025-10-06 13:08:25,227 [INFO] JxBrowserEngine:152 - Initiate JxBrowser Engine with user profile folder
2025-10-06 13:08:25,590 [INFO] CheckServerUpdateThread:120 - End of CheckServer Thread
2025-10-06 13:08:26,551 [WARN] PackLoader:240 - Cannot read IP mode file for STMicroelectronics.FP-SNS-MOTENVWB1.1.4.0
2025-10-06 13:08:26,566 [WARN] PackLoader:240 - Cannot read IP mode file for STMicroelectronics.FP-ATR-ASTRA1.2.0.2
2025-10-06 13:08:26,574 [WARN] PackLoader:240 - Cannot read IP mode file for STMicroelectronics.X-CUBE-SMBUS.2.1.0
2025-10-06 13:08:26,592 [WARN] PackLoader:240 - Cannot read IP mode file for STMicroelectronics.X-CUBE-ST60.1.0.0
2025-10-06 13:08:26,653 [WARN] PackLoader:240 - Cannot read IP mode file for STMicroelectronics.X-CUBE-AZRTOS-F7.1.1.0
2025-10-06 13:08:26,745 [WARN] PackLoader:240 - Cannot read IP mode file for Cesanta.I-CUBE-Mongoose.7.19.0
2025-10-06 13:08:26,782 [WARN] PackLoader:240 - Cannot read IP mode file for Infineon.AIROC-Wi-Fi-Bluetooth-STM32.1.7.1
2025-10-06 13:08:26,950 [WARN] PackLoader:240 - Cannot read IP mode file for STMicroelectronics.X-CUBE-AZRTOS-H7.3.4.0
2025-10-06 13:08:27,016 [WARN] PackLoader:240 - Cannot read IP mode file for STMicroelectronics.X-CUBE-DISPLAY.3.0.0
2025-10-06 13:08:27,047 [WARN] PackLoader:240 - Cannot read IP mode file for STMicroelectronics.X-CUBE-NFC10.1.0.0
2025-10-06 13:08:27,129 [WARN] PackLoader:240 - Cannot read IP mode file for emotas.I-CUBE-CANOPEN.1.3.0
2025-10-06 13:08:27,136 [WARN] PackLoader:240 - Cannot read IP mode file for STMicroelectronics.FP-SNS-STBOX1.2.1.0
2025-10-06 13:08:27,140 [WARN] PackLoader:240 - Cannot read IP mode file for STMicroelectronics.FP-SNS-SMARTAG2.1.2.0
2025-10-06 13:08:27,173 [WARN] PackLoader:240 - Cannot read IP mode file for STMicroelectronics.FP-SNS-FLIGHT1.5.1.0
2025-10-06 13:08:27,215 [INFO] LogOutputStream:77 - [STDOUT_REDIRECT] 1 : Invalid condition id : UX_CORESTACK_Condition cause : null
2025-10-06 13:08:27,215 [INFO] LogOutputStream:77 - [STDOUT_REDIRECT] 1 : Invalid condition id : UX_CORESTACK_Condition cause : null
2025-10-06 13:08:27,216 [INFO] LogOutputStream:77 - [STDOUT_REDIRECT] 1 : Invalid condition id : UX_CORESTACK_Condition cause : null
2025-10-06 13:08:27,217 [INFO] LogOutputStream:77 - [STDOUT_REDIRECT] 1 : Invalid condition id : UX_CORESTACK_Condition cause : null
2025-10-06 13:08:27,217 [INFO] LogOutputStream:77 - [STDOUT_REDIRECT] 1 : Invalid condition id : UX_CORESTACK_Condition cause : null
2025-10-06 13:08:27,249 [WARN] PackLoader:240 - Cannot read IP mode file for STMicroelectronics.X-CUBE-AZRTOS-WL.2.0.0
2025-10-06 13:08:27,253 [WARN] PackLoader:240 - Cannot read IP mode file for STMicroelectronics.FP-SNS-MOTENV1.5.0.0
2025-10-06 13:08:27,258 [WARN] PackLoader:240 - Cannot read IP mode file for WES.I-CUBE-Cesium.1.3.0
2025-10-06 13:08:27,261 [WARN] PackLoader:240 - Cannot read IP mode file for STMicroelectronics.X-CUBE-BLE2.3.3.0
2025-10-06 13:08:27,311 [WARN] PackLoader:240 - Cannot read IP mode file for STMicroelectronics.X-CUBE-NFC9.1.0.0
2025-10-06 13:08:27,351 [WARN] PackLoader:240 - Cannot read IP mode file for STMicroelectronics.X-CUBE-BLE1.7.1.0
2025-10-06 13:08:27,358 [WARN] PackLoader:240 - Cannot read IP mode file for STMicroelectronics.X-CUBE-EEPRMA1.5.2.0
2025-10-06 13:08:27,388 [WARN] PackLoader:240 - Cannot read IP mode file for STMicroelectronics.X-CUBE-AZRTOS-G0.1.1.0
2025-10-06 13:08:27,393 [WARN] PackLoader:240 - Cannot read IP mode file for STMicroelectronics.X-CUBE-SAFEA1.1.2.2
2025-10-06 13:08:27,396 [WARN] PackLoader:240 - Cannot read IP mode file for STMicroelectronics.X-CUBE-NFC4.3.0.0
2025-10-06 13:08:27,448 [WARN] PackLoader:240 - Cannot read IP mode file for EmbeddedOffice.I-CUBE-FS-RTOS.1.0.1
2025-10-06 13:08:27,453 [WARN] PackLoader:240 - Cannot read IP mode file for STMicroelectronics.X-CUBE-WB05N.2.0.0
2025-10-06 13:08:27,458 [WARN] PackLoader:240 - Cannot read IP mode file for STMicroelectronics.X-CUBE-TCPP.4.2.0
2025-10-06 13:08:27,464 [WARN] PackLoader:240 - Cannot read IP mode file for RealThread.X-CUBE-RT-Thread_Nano.4.1.1
2025-10-06 13:08:27,467 [WARN] PackLoader:240 - Cannot read IP mode file for STMicroelectronics.FP-ATR-SIGFOX1.3.2.0
2025-10-06 13:08:27,470 [WARN] PackLoader:240 - Cannot read IP mode file for ITTIA_DB.I-CUBE-ITTIADB.8.9.0
2025-10-06 13:08:27,524 [WARN] PackLoader:240 - Cannot read IP mode file for STMicroelectronics.X-CUBE-ST67W61.1.0.0
2025-10-06 13:08:27,527 [WARN] PackLoader:240 - Cannot read IP mode file for STMicroelectronics.X-CUBE-AI.10.2.0
2025-10-06 13:08:27,539 [WARN] PackLoader:240 - Cannot read IP mode file for SEGGER.I-CUBE-embOS.1.3.1
2025-10-06 13:08:28,097 [WARN] PackLoader:240 - Cannot read IP mode file for STMicroelectronics.X-CUBE-ALGOBUILD.1.4.0
2025-10-06 13:08:28,194 [WARN] PackLoader:240 - Cannot read IP mode file for STMicroelectronics.X-CUBE-MEMS1.11.3.0
2025-10-06 13:08:28,292 [WARN] PackLoader:240 - Cannot read IP mode file for STMicroelectronics.X-CUBE-PM33A1.1.0.0
2025-10-06 13:08:28,340 [WARN] PackLoader:240 - Cannot read IP mode file for STMicroelectronics.X-CUBE-AZRTOS-F4.1.1.0
2025-10-06 13:08:28,344 [WARN] PackLoader:240 - Cannot read IP mode file for STMicroelectronics.X-CUBE-ISPU.2.1.0
2025-10-06 13:08:28,820 [WARN] PackLoader:240 - Cannot read IP mode file for STMicroelectronics.X-CUBE-NFC12.1.0.0
2025-10-06 13:08:28,876 [WARN] PackLoader:240 - Cannot read IP mode file for STMicroelectronics.X-CUBE-AZRTOS-L5.2.0.0
2025-10-06 13:08:28,889 [WARN] PackLoader:240 - Cannot read IP mode file for STMicroelectronics.X-CUBE-NFC6.3.1.0
2025-10-06 13:08:28,896 [WARN] PackLoader:240 - Cannot read IP mode file for STMicroelectronics.X-CUBE-FREERTOS.1.3.1
2025-10-06 13:08:28,900 [WARN] PackLoader:240 - Cannot read IP mode file for STMicroelectronics.X-CUBE-TOUCHGFX.4.26.0
2025-10-06 13:08:28,903 [WARN] PackLoader:240 - Cannot read IP mode file for STMicroelectronics.FP-SNS-STAIOTCFT.1.0.0
2025-10-06 13:08:28,906 [WARN] PackLoader:240 - Cannot read IP mode file for STMicroelectronics.X-CUBE-DPower.1.3.0
2025-10-06 13:08:29,005 [WARN] ConditionMgr:438 - getConditionDescription Invalid condition id : LAN8742 Phy interface Condition cause : null
2025-10-06 13:08:29,006 [WARN] PackLoader:240 - Cannot read IP mode file for STMicroelectronics.X-CUBE-AZRTOS-L4.2.0.0
2025-10-06 13:08:29,006 [WARN] ConditionMgr:1044 - genDependencies : Invalid condition id : LAN8742 Phy interface Condition cause : null
2025-10-06 13:08:29,006 [WARN] ConditionMgr:1044 - genDependencies : Invalid condition id : LAN8742 Phy interface Condition cause : null
2025-10-06 13:08:29,007 [WARN] ConditionMgr:1044 - genDependencies : Invalid condition id : LAN8742 Phy interface Condition cause : null
2025-10-06 13:08:29,016 [WARN] PackLoader:240 - Cannot read IP mode file for STMicroelectronics.X-CUBE-SFXS2LP1.4.0.0
2025-10-06 13:08:29,028 [WARN] PackLoader:240 - Cannot read IP mode file for STMicroelectronics.X-CUBE-BLEMGR.4.1.0
2025-10-06 13:08:29,131 [WARN] ConditionMgr:438 - getConditionDescription Invalid condition id : UX DEVICE CLASS RTOS Condition cause : null
2025-10-06 13:08:29,131 [WARN] ConditionMgr:438 - getConditionDescription Invalid condition id : UX DEVICE CLASS RTOS Condition cause : null
2025-10-06 13:08:29,132 [WARN] PackLoader:240 - Cannot read IP mode file for STMicroelectronics.X-CUBE-AZRTOS-WB.2.0.0
2025-10-06 13:08:29,132 [WARN] ConditionMgr:1044 - genDependencies : Invalid condition id : UX DEVICE CLASS RTOS Condition cause : null
2025-10-06 13:08:29,132 [WARN] ConditionMgr:1044 - genDependencies : Invalid condition id : UX DEVICE CLASS RTOS Condition cause : null
2025-10-06 13:08:29,132 [WARN] ConditionMgr:1044 - genDependencies : Invalid condition id : UX DEVICE CLASS RTOS Condition cause : null
2025-10-06 13:08:29,132 [WARN] ConditionMgr:1044 - genDependencies : Invalid condition id : UX DEVICE CLASS RTOS Condition cause : null
2025-10-06 13:08:29,132 [WARN] ConditionMgr:1044 - genDependencies : Invalid condition id : UX DEVICE CLASS RTOS Condition cause : null
2025-10-06 13:08:29,136 [WARN] PackLoader:240 - Cannot read IP mode file for STMicroelectronics.X-CUBE-GNSS1.7.0.1
2025-10-06 13:08:29,138 [WARN] PackLoader:240 - Cannot read IP mode file for STMicroelectronics.X-CUBE-TOUCHGFX.4.25.0
2025-10-06 13:08:29,141 [WARN] ConditionMgr:438 - getConditionDescription Invalid condition id : Cortex-A Device cause : null
2025-10-06 13:08:29,244 [WARN] ConditionMgr:1044 - genDependencies : Invalid condition id : Cortex-A Device cause : null
2025-10-06 13:08:29,244 [WARN] ConditionMgr:1044 - genDependencies : Invalid condition id : Cortex-A Device cause : null
2025-10-06 13:08:29,244 [WARN] ConditionMgr:1044 - genDependencies : Invalid condition id : Cortex-A Device cause : null
2025-10-06 13:08:29,252 [WARN] PackLoader:240 - Cannot read IP mode file for STMicroelectronics.X-CUBE-SUBG2.5.0.0
2025-10-06 13:08:29,354 [WARN] PackLoader:240 - Cannot read IP mode file for STMicroelectronics.X-CUBE-AZRTOS-H7RS.1.1.0
2025-10-06 13:08:29,362 [WARN] PackLoader:240 - Cannot read IP mode file for STMicroelectronics.X-CUBE-AZRTOS-G4.2.0.0
2025-10-06 13:08:29,366 [WARN] PackLoader:240 - Cannot read IP mode file for STMicroelectronics.X-CUBE-NFC7.2.0.0
2025-10-06 13:08:29,465 [WARN] PackLoader:240 - Cannot read IP mode file for STMicroelectronics.X-CUBE-IPS.3.1.0
2025-10-06 13:08:29,471 [WARN] PackLoader:240 - Cannot read IP mode file for STMicroelectronics.X-CUBE-ALS.1.0.2
2025-10-06 13:08:29,474 [WARN] PackLoader:240 - Cannot read IP mode file for STMicroelectronics.X-CUBE-STSE01.1.0.0
2025-10-06 13:08:29,575 [WARN] PackLoader:240 - Cannot read IP mode file for STMicroelectronics.X-CUBE-TOF1.3.4.3
2025-10-06 13:08:29,579 [INFO] ThirdParty:978 - Integrity check success = true
2025-10-06 13:08:29,579 [INFO] IntegrityCheckThread:100 - exiting critical section [integrity check]
2025-10-06 13:08:29,579 [INFO] IntegrityCheckThread:103 - End integrity checks thread
2025-10-06 13:08:30,216 [INFO] WebApp:169 - Instantiating new browser for Auth
2025-10-06 13:08:32,020 [INFO] WebApp:463 - Apply proxy settings
2025-10-06 13:08:32,020 [INFO] WebApp:548 - Chromium requires no authentication
2025-10-06 13:08:32,033 [INFO] WebApp:491 - Direct internet connection detected
2025-10-06 13:08:32,065 [INFO] WebApp:900 - Register for checkConnection events
2025-10-06 13:08:32,065 [INFO] WebApp:463 - Apply proxy settings
2025-10-06 13:08:32,065 [INFO] WebApp:548 - Chromium requires no authentication
2025-10-06 13:08:32,066 [INFO] WebApp:491 - Direct internet connection detected
2025-10-06 13:08:32,237 [INFO] WebApp:225 - Starting web application
2025-10-06 13:08:32,238 [INFO] WebApp:593 - Web application path used C:\ST\STM32CubeIDE_1.19.0\STM32CubeIDE\plugins\com.st.stm32cube.common.mx_6.15.0.202507011659\db\plugins\mcufinder\reactClient1\index.html
2025-10-06 13:08:32,425 [INFO] UserAuth:487 - Internet connection configuration mode: 1
2025-10-06 13:08:33,244 [INFO] WebApp:191 - Connection restablished
2025-10-06 14:34:09,748 [ERROR] AdobePublisher:162 - Exception while opening the connection: java.net.SocketTimeoutException: Connect timed out
