19:53:52 **** Build of configuration Debug for project COMEDERO_BARRERA_IR_2 ****
make -j1 all 
arm-none-eabi-gcc "../Core/Src/main.c" -mcpu=cortex-m3 -std=gnu11 -g3 -DDEBUG -DUSE_HAL_DRIVER -DSTM32F103xB -c -I../Core/Inc -I../Drivers/STM32F1xx_HAL_Driver/Inc -I../Drivers/STM32F1xx_HAL_Driver/Inc/Legacy -I../Drivers/CMSIS/Device/ST/STM32F1xx/Include -I../Drivers/CMSIS/Include -O0 -ffunction-sections -fdata-sections -Wall -fstack-usage -fcyclomatic-complexity -MMD -MP -MF"Core/Src/main.d" -MT"Core/Src/main.o" --specs=nano.specs -mfloat-abi=soft -mthumb -o "Core/Src/main.o"
arm-none-eabi-gcc -o "COMEDERO_BARRERA_IR_2.elf" @"objects.list"   -mcpu=cortex-m3 -T"C:\Users\nico2\OneDrive\Desktop\EMBEBIDOS\COMEDERO_BARRERA_IR_2\STM32F103C8TX_FLASH.ld" --specs=nosys.specs -Wl,-Map="COMEDERO_BARRERA_IR_2.map" -Wl,--gc-sections -static --specs=nano.specs -mfloat-abi=soft -mthumb -Wl,--start-group -lc -lm -Wl,--end-group
Finished building target: COMEDERO_BARRERA_IR_2.elf
 
arm-none-eabi-size  COMEDERO_BARRERA_IR_2.elf 
   text	   data	    bss	    dec	    hex	filename
   9096	     12	   1716	  10824	   2a48	COMEDERO_BARRERA_IR_2.elf
Finished building: default.size.stdout
 
arm-none-eabi-objdump -h -S COMEDERO_BARRERA_IR_2.elf  > "COMEDERO_BARRERA_IR_2.list"
Finished building: COMEDERO_BARRERA_IR_2.list
 

19:53:56 Build Finished. 0 errors, 0 warnings. (took 3s.708ms)

