12:10:16 **** Incremental Build of configuration Debug for project COMEDERO_INTEGRACION ****
make -j1 all 
arm-none-eabi-gcc "../Core/Src/main.c" -mcpu=cortex-m3 -std=gnu11 -g3 -DDEBUG -DUSE_HAL_DRIVER -DSTM32F103xB -c -I../Core/Inc -I../Drivers/STM32F1xx_HAL_Driver/Inc -I../Drivers/STM32F1xx_HAL_Driver/Inc/Legacy -I../Drivers/CMSIS/Device/ST/STM32F1xx/Include -I../Drivers/CMSIS/Include -O0 -ffunction-sections -fdata-sections -Wall -fstack-usage -fcyclomatic-complexity -MMD -MP -MF"Core/Src/main.d" -MT"Core/Src/main.o" --specs=nano.specs -mfloat-abi=soft -mthumb -o "Core/Src/main.o"
../Core/Src/main.c: In function 'main':
../Core/Src/main.c:332:27: warning: enumeration value 'CONFIGURACION_CAMBIAR_HORA' not handled in switch [-Wswitch]
  332 |                           switch(estado_menu)
      |                           ^~~~~~
../Core/Src/main.c:332:27: warning: enumeration value 'CONFIGURACION_PROBAR_MOTOR' not handled in switch [-Wswitch]
../Core/Src/main.c:332:27: warning: enumeration value 'CONFIGURACION_IDLE' not handled in switch [-Wswitch]
../Core/Src/main.c:332:27: warning: enumeration value 'CONFIGURACION_BALANZA' not handled in switch [-Wswitch]
../Core/Src/main.c:332:27: warning: enumeration value 'CONFIGURACION_SERVO' not handled in switch [-Wswitch]
../Core/Src/main.c:332:27: warning: enumeration value 'CONFIGURACION_BARRERA_IR' not handled in switch [-Wswitch]
../Core/Src/main.c:332:27: warning: enumeration value 'CONFIGURACION_IDLE2' not handled in switch [-Wswitch]
../Core/Src/main.c:838:43: warning: case value '0' not in enumerated type 'Motor_speeds' {aka 'enum DC_MOTOR_SPEEDS'} [-Wswitch]
  838 |                                           case 0:
      |                                           ^~~~
../Core/Src/main.c:874:43: warning: case value '0' not in enumerated type 'Motor_speeds' {aka 'enum DC_MOTOR_SPEEDS'} [-Wswitch]
  874 |                                           case 0:
      |                                           ^~~~
../Core/Src/main.c:663:27: warning: enumeration value 'AGREGAR_IDLE' not handled in switch [-Wswitch]
  663 |                           switch(estado_menu)
      |                           ^~~~~~
../Core/Src/main.c:663:27: warning: enumeration value 'AGREGAR_TIEMPO' not handled in switch [-Wswitch]
../Core/Src/main.c:663:27: warning: enumeration value 'AGREGAR_TIEMPO_HORAS' not handled in switch [-Wswitch]
../Core/Src/main.c:663:27: warning: enumeration value 'AGREGAR_DOSIS' not handled in switch [-Wswitch]
../Core/Src/main.c:663:27: warning: enumeration value 'AGREGAR_CONFIRMACION' not handled in switch [-Wswitch]
../Core/Src/main.c:265:11: warning: enumeration value 'ESTADO_INICIANDO' not handled in switch [-Wswitch]
  265 |           switch(estados)
      |           ^~~~~~
arm-none-eabi-gcc -o "COMEDERO_INTEGRACION.elf" @"objects.list"   -mcpu=cortex-m3 -T"C:\Users\nico2\OneDrive\Desktop\EMBEBIDOS\COMEDERO_INTEGRACION\STM32F103C8TX_FLASH.ld" --specs=nosys.specs -Wl,-Map="COMEDERO_INTEGRACION.map" -Wl,--gc-sections -static --specs=nano.specs -mfloat-abi=soft -mthumb -Wl,--start-group -lc -lm -Wl,--end-group
Finished building target: COMEDERO_INTEGRACION.elf
 
arm-none-eabi-size  COMEDERO_INTEGRACION.elf 
   text	   data	    bss	    dec	    hex	filename
  35796	     96	   2456	  38348	   95cc	COMEDERO_INTEGRACION.elf
Finished building: default.size.stdout
 
arm-none-eabi-objdump -h -S COMEDERO_INTEGRACION.elf  > "COMEDERO_INTEGRACION.list"
Finished building: COMEDERO_INTEGRACION.list
 
12:10:57 **** Incremental Build of configuration Debug for project COMEDERO_INTEGRACION ****
make -j1 all 
arm-none-eabi-gcc "../Core/Src/main.c" -mcpu=cortex-m3 -std=gnu11 -g3 -DDEBUG -DUSE_HAL_DRIVER -DSTM32F103xB -c -I../Core/Inc -I../Drivers/STM32F1xx_HAL_Driver/Inc -I../Drivers/STM32F1xx_HAL_Driver/Inc/Legacy -I../Drivers/CMSIS/Device/ST/STM32F1xx/Include -I../Drivers/CMSIS/Include -O0 -ffunction-sections -fdata-sections -Wall -fstack-usage -fcyclomatic-complexity -MMD -MP -MF"Core/Src/main.d" -MT"Core/Src/main.o" --specs=nano.specs -mfloat-abi=soft -mthumb -o "Core/Src/main.o"
../Core/Src/main.c: In function 'main':
../Core/Src/main.c:332:27: warning: enumeration value 'CONFIGURACION_CAMBIAR_HORA' not handled in switch [-Wswitch]
  332 |                           switch(estado_menu)
      |                           ^~~~~~
../Core/Src/main.c:332:27: warning: enumeration value 'CONFIGURACION_PROBAR_MOTOR' not handled in switch [-Wswitch]
../Core/Src/main.c:332:27: warning: enumeration value 'CONFIGURACION_IDLE' not handled in switch [-Wswitch]
../Core/Src/main.c:332:27: warning: enumeration value 'CONFIGURACION_BALANZA' not handled in switch [-Wswitch]
../Core/Src/main.c:332:27: warning: enumeration value 'CONFIGURACION_SERVO' not handled in switch [-Wswitch]
../Core/Src/main.c:332:27: warning: enumeration value 'CONFIGURACION_BARRERA_IR' not handled in switch [-Wswitch]
../Core/Src/main.c:332:27: warning: enumeration value 'CONFIGURACION_IDLE2' not handled in switch [-Wswitch]
../Core/Src/main.c:838:43: warning: case value '0' not in enumerated type 'Motor_speeds' {aka 'enum DC_MOTOR_SPEEDS'} [-Wswitch]
  838 |                                           case 0:
      |                                           ^~~~
../Core/Src/main.c:874:43: warning: case value '0' not in enumerated type 'Motor_speeds' {aka 'enum DC_MOTOR_SPEEDS'} [-Wswitch]
  874 |                                           case 0:
      |                                           ^~~~
../Core/Src/main.c:663:27: warning: enumeration value 'AGREGAR_IDLE' not handled in switch [-Wswitch]
  663 |                           switch(estado_menu)
      |                           ^~~~~~
../Core/Src/main.c:663:27: warning: enumeration value 'AGREGAR_TIEMPO' not handled in switch [-Wswitch]
../Core/Src/main.c:663:27: warning: enumeration value 'AGREGAR_TIEMPO_HORAS' not handled in switch [-Wswitch]
../Core/Src/main.c:663:27: warning: enumeration value 'AGREGAR_DOSIS' not handled in switch [-Wswitch]
../Core/Src/main.c:663:27: warning: enumeration value 'AGREGAR_CONFIRMACION' not handled in switch [-Wswitch]
../Core/Src/main.c:265:11: warning: enumeration value 'ESTADO_INICIANDO' not handled in switch [-Wswitch]
  265 |           switch(estados)
      |           ^~~~~~
arm-none-eabi-gcc -o "COMEDERO_INTEGRACION.elf" @"objects.list"   -mcpu=cortex-m3 -T"C:\Users\nico2\OneDrive\Desktop\EMBEBIDOS\COMEDERO_INTEGRACION\STM32F103C8TX_FLASH.ld" --specs=nosys.specs -Wl,-Map="COMEDERO_INTEGRACION.map" -Wl,--gc-sections -static --specs=nano.specs -mfloat-abi=soft -mthumb -Wl,--start-group -lc -lm -Wl,--end-group
Finished building target: COMEDERO_INTEGRACION.elf
 
arm-none-eabi-size  COMEDERO_INTEGRACION.elf 
   text	   data	    bss	    dec	    hex	filename
  35796	     96	   2456	  38348	   95cc	COMEDERO_INTEGRACION.elf
Finished building: default.size.stdout
 
arm-none-eabi-objdump -h -S COMEDERO_INTEGRACION.elf  > "COMEDERO_INTEGRACION.list"
Finished building: COMEDERO_INTEGRACION.list
 
