18:59:47 **** Incremental Build of configuration Debug for project COMEDERO_SERVO ****
make -j1 all 
arm-none-eabi-gcc "../Core/Src/SERVO.c" -mcpu=cortex-m3 -std=gnu11 -g3 -DDEBUG -DUSE_HAL_DRIVER -DSTM32F103xB -c -I../Core/Inc -I../Drivers/STM32F1xx_HAL_Driver/Inc -I../Drivers/STM32F1xx_HAL_Driver/Inc/Legacy -I../Drivers/CMSIS/Device/ST/STM32F1xx/Include -I../Drivers/CMSIS/Include -O0 -ffunction-sections -fdata-sections -Wall -fstack-usage -fcyclomatic-complexity -MMD -MP -MF"Core/Src/SERVO.d" -MT"Core/Src/SERVO.o" --specs=nano.specs -mfloat-abi=soft -mthumb -o "Core/Src/SERVO.o"
../Core/Src/SERVO.c: In function 'SERVO_Init':
../Core/Src/SERVO.c:35:5: warning: implicit declaration of function 'DWT_Delay_Init' [-Wimplicit-function-declaration]
   35 |     DWT_Delay_Init();
      |     ^~~~~~~~~~~~~~
../Core/Src/SERVO.c: In function 'SERVO_Sweep':
../Core/Src/SERVO.c:160:9: warning: implicit declaration of function 'DWT_Delay_ms' [-Wimplicit-function-declaration]
  160 |         DWT_Delay_ms(250);
      |         ^~~~~~~~~~~~
arm-none-eabi-gcc "../Core/Src/SERVO_cfg.c" -mcpu=cortex-m3 -std=gnu11 -g3 -DDEBUG -DUSE_HAL_DRIVER -DSTM32F103xB -c -I../Core/Inc -I../Drivers/STM32F1xx_HAL_Driver/Inc -I../Drivers/STM32F1xx_HAL_Driver/Inc/Legacy -I../Drivers/CMSIS/Device/ST/STM32F1xx/Include -I../Drivers/CMSIS/Include -O0 -ffunction-sections -fdata-sections -Wall -fstack-usage -fcyclomatic-complexity -MMD -MP -MF"Core/Src/SERVO_cfg.d" -MT"Core/Src/SERVO_cfg.o" --specs=nano.specs -mfloat-abi=soft -mthumb -o "Core/Src/SERVO_cfg.o"
../Core/Src/SERVO_cfg.c:22:17: warning: initialization discards 'volatile' qualifier from pointer target type [-Wdiscarded-qualifiers]
   22 |                 &TIM2->CCR1,
      |                 ^
arm-none-eabi-gcc "../Core/Src/Util.c" -mcpu=cortex-m3 -std=gnu11 -g3 -DDEBUG -DUSE_HAL_DRIVER -DSTM32F103xB -c -I../Core/Inc -I../Drivers/STM32F1xx_HAL_Driver/Inc -I../Drivers/STM32F1xx_HAL_Driver/Inc/Legacy -I../Drivers/CMSIS/Device/ST/STM32F1xx/Include -I../Drivers/CMSIS/Include -O0 -ffunction-sections -fdata-sections -Wall -fstack-usage -fcyclomatic-complexity -MMD -MP -MF"Core/Src/Util.d" -MT"Core/Src/Util.o" --specs=nano.specs -mfloat-abi=soft -mthumb -o "Core/Src/Util.o"
arm-none-eabi-gcc "../Core/Src/main.c" -mcpu=cortex-m3 -std=gnu11 -g3 -DDEBUG -DUSE_HAL_DRIVER -DSTM32F103xB -c -I../Core/Inc -I../Drivers/STM32F1xx_HAL_Driver/Inc -I../Drivers/STM32F1xx_HAL_Driver/Inc/Legacy -I../Drivers/CMSIS/Device/ST/STM32F1xx/Include -I../Drivers/CMSIS/Include -O0 -ffunction-sections -fdata-sections -Wall -fstack-usage -fcyclomatic-complexity -MMD -MP -MF"Core/Src/main.d" -MT"Core/Src/main.o" --specs=nano.specs -mfloat-abi=soft -mthumb -o "Core/Src/main.o"
arm-none-eabi-gcc "../Core/Src/stm32f1xx_hal_msp.c" -mcpu=cortex-m3 -std=gnu11 -g3 -DDEBUG -DUSE_HAL_DRIVER -DSTM32F103xB -c -I../Core/Inc -I../Drivers/STM32F1xx_HAL_Driver/Inc -I../Drivers/STM32F1xx_HAL_Driver/Inc/Legacy -I../Drivers/CMSIS/Device/ST/STM32F1xx/Include -I../Drivers/CMSIS/Include -O0 -ffunction-sections -fdata-sections -Wall -fstack-usage -fcyclomatic-complexity -MMD -MP -MF"Core/Src/stm32f1xx_hal_msp.d" -MT"Core/Src/stm32f1xx_hal_msp.o" --specs=nano.specs -mfloat-abi=soft -mthumb -o "Core/Src/stm32f1xx_hal_msp.o"
arm-none-eabi-gcc "../Core/Src/stm32f1xx_it.c" -mcpu=cortex-m3 -std=gnu11 -g3 -DDEBUG -DUSE_HAL_DRIVER -DSTM32F103xB -c -I../Core/Inc -I../Drivers/STM32F1xx_HAL_Driver/Inc -I../Drivers/STM32F1xx_HAL_Driver/Inc/Legacy -I../Drivers/CMSIS/Device/ST/STM32F1xx/Include -I../Drivers/CMSIS/Include -O0 -ffunction-sections -fdata-sections -Wall -fstack-usage -fcyclomatic-complexity -MMD -MP -MF"Core/Src/stm32f1xx_it.d" -MT"Core/Src/stm32f1xx_it.o" --specs=nano.specs -mfloat-abi=soft -mthumb -o "Core/Src/stm32f1xx_it.o"
arm-none-eabi-gcc "../Core/Src/syscalls.c" -mcpu=cortex-m3 -std=gnu11 -g3 -DDEBUG -DUSE_HAL_DRIVER -DSTM32F103xB -c -I../Core/Inc -I../Drivers/STM32F1xx_HAL_Driver/Inc -I../Drivers/STM32F1xx_HAL_Driver/Inc/Legacy -I../Drivers/CMSIS/Device/ST/STM32F1xx/Include -I../Drivers/CMSIS/Include -O0 -ffunction-sections -fdata-sections -Wall -fstack-usage -fcyclomatic-complexity -MMD -MP -MF"Core/Src/syscalls.d" -MT"Core/Src/syscalls.o" --specs=nano.specs -mfloat-abi=soft -mthumb -o "Core/Src/syscalls.o"
arm-none-eabi-gcc "../Core/Src/sysmem.c" -mcpu=cortex-m3 -std=gnu11 -g3 -DDEBUG -DUSE_HAL_DRIVER -DSTM32F103xB -c -I../Core/Inc -I../Drivers/STM32F1xx_HAL_Driver/Inc -I../Drivers/STM32F1xx_HAL_Driver/Inc/Legacy -I../Drivers/CMSIS/Device/ST/STM32F1xx/Include -I../Drivers/CMSIS/Include -O0 -ffunction-sections -fdata-sections -Wall -fstack-usage -fcyclomatic-complexity -MMD -MP -MF"Core/Src/sysmem.d" -MT"Core/Src/sysmem.o" --specs=nano.specs -mfloat-abi=soft -mthumb -o "Core/Src/sysmem.o"
arm-none-eabi-gcc "../Core/Src/system_stm32f1xx.c" -mcpu=cortex-m3 -std=gnu11 -g3 -DDEBUG -DUSE_HAL_DRIVER -DSTM32F103xB -c -I../Core/Inc -I../Drivers/STM32F1xx_HAL_Driver/Inc -I../Drivers/STM32F1xx_HAL_Driver/Inc/Legacy -I../Drivers/CMSIS/Device/ST/STM32F1xx/Include -I../Drivers/CMSIS/Include -O0 -ffunction-sections -fdata-sections -Wall -fstack-usage -fcyclomatic-complexity -MMD -MP -MF"Core/Src/system_stm32f1xx.d" -MT"Core/Src/system_stm32f1xx.o" --specs=nano.specs -mfloat-abi=soft -mthumb -o "Core/Src/system_stm32f1xx.o"
arm-none-eabi-gcc -o "COMEDERO_SERVO.elf" @"objects.list"   -mcpu=cortex-m3 -T"C:\Users\nico2\OneDrive\Desktop\EMBEBIDOS\COMEDERO_SERVO\STM32F103C8TX_FLASH.ld" --specs=nosys.specs -Wl,-Map="COMEDERO_SERVO.map" -Wl,--gc-sections -static --specs=nano.specs -mfloat-abi=soft -mthumb -Wl,--start-group -lc -lm -Wl,--end-group
C:/ST/STM32CubeIDE_1.19.0/STM32CubeIDE/plugins/com.st.stm32cube.ide.mcu.externaltools.gnu-tools-for-stm32.13.3.rel1.win32_1.0.0.202411081344/tools/bin/../lib/gcc/arm-none-eabi/13.3.1/../../../../arm-none-eabi/bin/ld.exe: ./Core/Src/SERVO.o: in function `SERVO_Init':
C:/Users/nico2/OneDrive/Desktop/EMBEBIDOS/COMEDERO_SERVO/Debug/../Core/Src/SERVO.c:35:(.text.SERVO_Init+0x50): undefined reference to `DWT_Delay_Init'
collect2.exe: error: ld returned 1 exit status
make: *** [makefile:64: COMEDERO_SERVO.elf] Error 1
"make -j1 all" terminated with exit code 2. Build might be incomplete.
19:00:36 **** Incremental Build of configuration Debug for project COMEDERO_SERVO ****
make -j1 all 
arm-none-eabi-gcc "../Core/Src/SERVO.c" -mcpu=cortex-m3 -std=gnu11 -g3 -DDEBUG -DUSE_HAL_DRIVER -DSTM32F103xB -c -I../Core/Inc -I../Drivers/STM32F1xx_HAL_Driver/Inc -I../Drivers/STM32F1xx_HAL_Driver/Inc/Legacy -I../Drivers/CMSIS/Device/ST/STM32F1xx/Include -I../Drivers/CMSIS/Include -O0 -ffunction-sections -fdata-sections -Wall -fstack-usage -fcyclomatic-complexity -MMD -MP -MF"Core/Src/SERVO.d" -MT"Core/Src/SERVO.o" --specs=nano.specs -mfloat-abi=soft -mthumb -o "Core/Src/SERVO.o"
arm-none-eabi-gcc -o "COMEDERO_SERVO.elf" @"objects.list"   -mcpu=cortex-m3 -T"C:\Users\nico2\OneDrive\Desktop\EMBEBIDOS\COMEDERO_SERVO\STM32F103C8TX_FLASH.ld" --specs=nosys.specs -Wl,-Map="COMEDERO_SERVO.map" -Wl,--gc-sections -static --specs=nano.specs -mfloat-abi=soft -mthumb -Wl,--start-group -lc -lm -Wl,--end-group
Finished building target: COMEDERO_SERVO.elf
 
arm-none-eabi-size  COMEDERO_SERVO.elf 
   text	   data	    bss	    dec	    hex	filename
  15512	     12	   1692	  17216	   4340	COMEDERO_SERVO.elf
Finished building: default.size.stdout
 
arm-none-eabi-objdump -h -S COMEDERO_SERVO.elf  > "COMEDERO_SERVO.list"
Finished building: COMEDERO_SERVO.list
 
19:02:48 **** Incremental Build of configuration Debug for project COMEDERO_SERVO ****
make -j1 all 
arm-none-eabi-gcc "../Core/Src/main.c" -mcpu=cortex-m3 -std=gnu11 -g3 -DDEBUG -DUSE_HAL_DRIVER -DSTM32F103xB -c -I../Core/Inc -I../Drivers/STM32F1xx_HAL_Driver/Inc -I../Drivers/STM32F1xx_HAL_Driver/Inc/Legacy -I../Drivers/CMSIS/Device/ST/STM32F1xx/Include -I../Drivers/CMSIS/Include -O0 -ffunction-sections -fdata-sections -Wall -fstack-usage -fcyclomatic-complexity -MMD -MP -MF"Core/Src/main.d" -MT"Core/Src/main.o" --specs=nano.specs -mfloat-abi=soft -mthumb -o "Core/Src/main.o"
arm-none-eabi-gcc -o "COMEDERO_SERVO.elf" @"objects.list"   -mcpu=cortex-m3 -T"C:\Users\nico2\OneDrive\Desktop\EMBEBIDOS\COMEDERO_SERVO\STM32F103C8TX_FLASH.ld" --specs=nosys.specs -Wl,-Map="COMEDERO_SERVO.map" -Wl,--gc-sections -static --specs=nano.specs -mfloat-abi=soft -mthumb -Wl,--start-group -lc -lm -Wl,--end-group
Finished building target: COMEDERO_SERVO.elf
 
arm-none-eabi-size  COMEDERO_SERVO.elf 
   text	   data	    bss	    dec	    hex	filename
  15688	     12	   1692	  17392	   43f0	COMEDERO_SERVO.elf
Finished building: default.size.stdout
 
arm-none-eabi-objdump -h -S COMEDERO_SERVO.elf  > "COMEDERO_SERVO.list"
Finished building: COMEDERO_SERVO.list
 
19:06:02 **** Incremental Build of configuration Debug for project COMEDERO_SERVO ****
make -j1 all 
arm-none-eabi-gcc "../Core/Src/main.c" -mcpu=cortex-m3 -std=gnu11 -g3 -DDEBUG -DUSE_HAL_DRIVER -DSTM32F103xB -c -I../Core/Inc -I../Drivers/STM32F1xx_HAL_Driver/Inc -I../Drivers/STM32F1xx_HAL_Driver/Inc/Legacy -I../Drivers/CMSIS/Device/ST/STM32F1xx/Include -I../Drivers/CMSIS/Include -O0 -ffunction-sections -fdata-sections -Wall -fstack-usage -fcyclomatic-complexity -MMD -MP -MF"Core/Src/main.d" -MT"Core/Src/main.o" --specs=nano.specs -mfloat-abi=soft -mthumb -o "Core/Src/main.o"
arm-none-eabi-gcc -o "COMEDERO_SERVO.elf" @"objects.list"   -mcpu=cortex-m3 -T"C:\Users\nico2\OneDrive\Desktop\EMBEBIDOS\COMEDERO_SERVO\STM32F103C8TX_FLASH.ld" --specs=nosys.specs -Wl,-Map="COMEDERO_SERVO.map" -Wl,--gc-sections -static --specs=nano.specs -mfloat-abi=soft -mthumb -Wl,--start-group -lc -lm -Wl,--end-group
Finished building target: COMEDERO_SERVO.elf
 
arm-none-eabi-size  COMEDERO_SERVO.elf 
   text	   data	    bss	    dec	    hex	filename
  15688	     12	   1692	  17392	   43f0	COMEDERO_SERVO.elf
Finished building: default.size.stdout
 
arm-none-eabi-objdump -h -S COMEDERO_SERVO.elf  > "COMEDERO_SERVO.list"
Finished building: COMEDERO_SERVO.list
 
19:08:39 **** Incremental Build of configuration Debug for project COMEDERO_SERVO ****
make -j1 all 
arm-none-eabi-gcc "../Core/Src/SERVO_cfg.c" -mcpu=cortex-m3 -std=gnu11 -g3 -DDEBUG -DUSE_HAL_DRIVER -DSTM32F103xB -c -I../Core/Inc -I../Drivers/STM32F1xx_HAL_Driver/Inc -I../Drivers/STM32F1xx_HAL_Driver/Inc/Legacy -I../Drivers/CMSIS/Device/ST/STM32F1xx/Include -I../Drivers/CMSIS/Include -O0 -ffunction-sections -fdata-sections -Wall -fstack-usage -fcyclomatic-complexity -MMD -MP -MF"Core/Src/SERVO_cfg.d" -MT"Core/Src/SERVO_cfg.o" --specs=nano.specs -mfloat-abi=soft -mthumb -o "Core/Src/SERVO_cfg.o"
../Core/Src/SERVO_cfg.c:22:17: warning: initialization discards 'volatile' qualifier from pointer target type [-Wdiscarded-qualifiers]
   22 |                 &TIM2->CCR1,
      |                 ^
arm-none-eabi-gcc -o "COMEDERO_SERVO.elf" @"objects.list"   -mcpu=cortex-m3 -T"C:\Users\nico2\OneDrive\Desktop\EMBEBIDOS\COMEDERO_SERVO\STM32F103C8TX_FLASH.ld" --specs=nosys.specs -Wl,-Map="COMEDERO_SERVO.map" -Wl,--gc-sections -static --specs=nano.specs -mfloat-abi=soft -mthumb -Wl,--start-group -lc -lm -Wl,--end-group
Finished building target: COMEDERO_SERVO.elf
 
arm-none-eabi-size  COMEDERO_SERVO.elf 
   text	   data	    bss	    dec	    hex	filename
  15688	     12	   1692	  17392	   43f0	COMEDERO_SERVO.elf
Finished building: default.size.stdout
 
arm-none-eabi-objdump -h -S COMEDERO_SERVO.elf  > "COMEDERO_SERVO.list"
Finished building: COMEDERO_SERVO.list
 
19:10:30 **** Incremental Build of configuration Debug for project COMEDERO_SERVO ****
make -j1 all 
arm-none-eabi-gcc "../Core/Src/main.c" -mcpu=cortex-m3 -std=gnu11 -g3 -DDEBUG -DUSE_HAL_DRIVER -DSTM32F103xB -c -I../Core/Inc -I../Drivers/STM32F1xx_HAL_Driver/Inc -I../Drivers/STM32F1xx_HAL_Driver/Inc/Legacy -I../Drivers/CMSIS/Device/ST/STM32F1xx/Include -I../Drivers/CMSIS/Include -O0 -ffunction-sections -fdata-sections -Wall -fstack-usage -fcyclomatic-complexity -MMD -MP -MF"Core/Src/main.d" -MT"Core/Src/main.o" --specs=nano.specs -mfloat-abi=soft -mthumb -o "Core/Src/main.o"
arm-none-eabi-gcc -o "COMEDERO_SERVO.elf" @"objects.list"   -mcpu=cortex-m3 -T"C:\Users\nico2\OneDrive\Desktop\EMBEBIDOS\COMEDERO_SERVO\STM32F103C8TX_FLASH.ld" --specs=nosys.specs -Wl,-Map="COMEDERO_SERVO.map" -Wl,--gc-sections -static --specs=nano.specs -mfloat-abi=soft -mthumb -Wl,--start-group -lc -lm -Wl,--end-group
Finished building target: COMEDERO_SERVO.elf
 
arm-none-eabi-size  COMEDERO_SERVO.elf 
   text	   data	    bss	    dec	    hex	filename
  15720	     12	   1692	  17424	   4410	COMEDERO_SERVO.elf
Finished building: default.size.stdout
 
arm-none-eabi-objdump -h -S COMEDERO_SERVO.elf  > "COMEDERO_SERVO.list"
Finished building: COMEDERO_SERVO.list
 
19:14:37 **** Incremental Build of configuration Debug for project COMEDERO_SERVO ****
make -j1 all 
arm-none-eabi-gcc "../Core/Src/SERVO_cfg.c" -mcpu=cortex-m3 -std=gnu11 -g3 -DDEBUG -DUSE_HAL_DRIVER -DSTM32F103xB -c -I../Core/Inc -I../Drivers/STM32F1xx_HAL_Driver/Inc -I../Drivers/STM32F1xx_HAL_Driver/Inc/Legacy -I../Drivers/CMSIS/Device/ST/STM32F1xx/Include -I../Drivers/CMSIS/Include -O0 -ffunction-sections -fdata-sections -Wall -fstack-usage -fcyclomatic-complexity -MMD -MP -MF"Core/Src/SERVO_cfg.d" -MT"Core/Src/SERVO_cfg.o" --specs=nano.specs -mfloat-abi=soft -mthumb -o "Core/Src/SERVO_cfg.o"
../Core/Src/SERVO_cfg.c:22:17: warning: initialization discards 'volatile' qualifier from pointer target type [-Wdiscarded-qualifiers]
   22 |                 &TIM2->CCR1,
      |                 ^
arm-none-eabi-gcc "../Core/Src/main.c" -mcpu=cortex-m3 -std=gnu11 -g3 -DDEBUG -DUSE_HAL_DRIVER -DSTM32F103xB -c -I../Core/Inc -I../Drivers/STM32F1xx_HAL_Driver/Inc -I../Drivers/STM32F1xx_HAL_Driver/Inc/Legacy -I../Drivers/CMSIS/Device/ST/STM32F1xx/Include -I../Drivers/CMSIS/Include -O0 -ffunction-sections -fdata-sections -Wall -fstack-usage -fcyclomatic-complexity -MMD -MP -MF"Core/Src/main.d" -MT"Core/Src/main.o" --specs=nano.specs -mfloat-abi=soft -mthumb -o "Core/Src/main.o"
arm-none-eabi-gcc -o "COMEDERO_SERVO.elf" @"objects.list"   -mcpu=cortex-m3 -T"C:\Users\nico2\OneDrive\Desktop\EMBEBIDOS\COMEDERO_SERVO\STM32F103C8TX_FLASH.ld" --specs=nosys.specs -Wl,-Map="COMEDERO_SERVO.map" -Wl,--gc-sections -static --specs=nano.specs -mfloat-abi=soft -mthumb -Wl,--start-group -lc -lm -Wl,--end-group
Finished building target: COMEDERO_SERVO.elf
 
arm-none-eabi-size  COMEDERO_SERVO.elf 
   text	   data	    bss	    dec	    hex	filename
  15688	     12	   1692	  17392	   43f0	COMEDERO_SERVO.elf
Finished building: default.size.stdout
 
arm-none-eabi-objdump -h -S COMEDERO_SERVO.elf  > "COMEDERO_SERVO.list"
Finished building: COMEDERO_SERVO.list
 
19:15:15 **** Incremental Build of configuration Debug for project COMEDERO_SERVO ****
make -j1 all 
arm-none-eabi-gcc "../Core/Src/SERVO_cfg.c" -mcpu=cortex-m3 -std=gnu11 -g3 -DDEBUG -DUSE_HAL_DRIVER -DSTM32F103xB -c -I../Core/Inc -I../Drivers/STM32F1xx_HAL_Driver/Inc -I../Drivers/STM32F1xx_HAL_Driver/Inc/Legacy -I../Drivers/CMSIS/Device/ST/STM32F1xx/Include -I../Drivers/CMSIS/Include -O0 -ffunction-sections -fdata-sections -Wall -fstack-usage -fcyclomatic-complexity -MMD -MP -MF"Core/Src/SERVO_cfg.d" -MT"Core/Src/SERVO_cfg.o" --specs=nano.specs -mfloat-abi=soft -mthumb -o "Core/Src/SERVO_cfg.o"
../Core/Src/SERVO_cfg.c:22:17: warning: initialization discards 'volatile' qualifier from pointer target type [-Wdiscarded-qualifiers]
   22 |                 &TIM2->CCR1,
      |                 ^
arm-none-eabi-gcc -o "COMEDERO_SERVO.elf" @"objects.list"   -mcpu=cortex-m3 -T"C:\Users\nico2\OneDrive\Desktop\EMBEBIDOS\COMEDERO_SERVO\STM32F103C8TX_FLASH.ld" --specs=nosys.specs -Wl,-Map="COMEDERO_SERVO.map" -Wl,--gc-sections -static --specs=nano.specs -mfloat-abi=soft -mthumb -Wl,--start-group -lc -lm -Wl,--end-group
Finished building target: COMEDERO_SERVO.elf
 
arm-none-eabi-size  COMEDERO_SERVO.elf 
   text	   data	    bss	    dec	    hex	filename
  15688	     12	   1692	  17392	   43f0	COMEDERO_SERVO.elf
Finished building: default.size.stdout
 
arm-none-eabi-objdump -h -S COMEDERO_SERVO.elf  > "COMEDERO_SERVO.list"
Finished building: COMEDERO_SERVO.list
 
19:16:01 **** Incremental Build of configuration Debug for project COMEDERO_SERVO ****
make -j1 all 
arm-none-eabi-gcc "../Core/Src/SERVO_cfg.c" -mcpu=cortex-m3 -std=gnu11 -g3 -DDEBUG -DUSE_HAL_DRIVER -DSTM32F103xB -c -I../Core/Inc -I../Drivers/STM32F1xx_HAL_Driver/Inc -I../Drivers/STM32F1xx_HAL_Driver/Inc/Legacy -I../Drivers/CMSIS/Device/ST/STM32F1xx/Include -I../Drivers/CMSIS/Include -O0 -ffunction-sections -fdata-sections -Wall -fstack-usage -fcyclomatic-complexity -MMD -MP -MF"Core/Src/SERVO_cfg.d" -MT"Core/Src/SERVO_cfg.o" --specs=nano.specs -mfloat-abi=soft -mthumb -o "Core/Src/SERVO_cfg.o"
../Core/Src/SERVO_cfg.c:22:17: warning: initialization discards 'volatile' qualifier from pointer target type [-Wdiscarded-qualifiers]
   22 |                 &TIM2->CCR1,
      |                 ^
arm-none-eabi-gcc -o "COMEDERO_SERVO.elf" @"objects.list"   -mcpu=cortex-m3 -T"C:\Users\nico2\OneDrive\Desktop\EMBEBIDOS\COMEDERO_SERVO\STM32F103C8TX_FLASH.ld" --specs=nosys.specs -Wl,-Map="COMEDERO_SERVO.map" -Wl,--gc-sections -static --specs=nano.specs -mfloat-abi=soft -mthumb -Wl,--start-group -lc -lm -Wl,--end-group
Finished building target: COMEDERO_SERVO.elf
 
arm-none-eabi-size  COMEDERO_SERVO.elf 
   text	   data	    bss	    dec	    hex	filename
  15688	     12	   1692	  17392	   43f0	COMEDERO_SERVO.elf
Finished building: default.size.stdout
 
arm-none-eabi-objdump -h -S COMEDERO_SERVO.elf  > "COMEDERO_SERVO.list"
Finished building: COMEDERO_SERVO.list
 
