12:44:09 **** Incremental Build of configuration Debug for project COMEDERO_RTC_FEE ****
make -j1 all 
arm-none-eabi-gcc "../Core/Src/main.c" -mcpu=cortex-m3 -std=gnu11 -g3 -DDEBUG -DUSE_HAL_DRIVER -DSTM32F103xB -c -I../Core/Inc -I../Drivers/STM32F1xx_HAL_Driver/Inc -I../Drivers/STM32F1xx_HAL_Driver/Inc/Legacy -I../Drivers/CMSIS/Device/ST/STM32F1xx/Include -I../Drivers/CMSIS/Include -O0 -ffunction-sections -fdata-sections -Wall -fstack-usage -fcyclomatic-complexity -MMD -MP -MF"Core/Src/main.d" -MT"Core/Src/main.o" --specs=nano.specs -mfloat-abi=soft -mthumb -o "Core/Src/main.o"
arm-none-eabi-gcc -o "COMEDERO_RTC_FEE.elf" @"objects.list"   -mcpu=cortex-m3 -T"C:\Users\nico2\OneDrive\Desktop\EMBEBIDOS\COMEDERO_RTC\STM32F103C8TX_FLASH.ld" --specs=nosys.specs -Wl,-Map="COMEDERO_RTC_FEE.map" -Wl,--gc-sections -static --specs=nano.specs -mfloat-abi=soft -mthumb -Wl,--start-group -lc -lm -Wl,--end-group
Finished building target: COMEDERO_RTC_FEE.elf
 
arm-none-eabi-size  COMEDERO_RTC_FEE.elf 
   text	   data	    bss	    dec	    hex	filename
  18172	     92	   2120	  20384	   4fa0	COMEDERO_RTC_FEE.elf
Finished building: default.size.stdout
 
arm-none-eabi-objdump -h -S COMEDERO_RTC_FEE.elf  > "COMEDERO_RTC_FEE.list"
Finished building: COMEDERO_RTC_FEE.list
 
12:53:02 **** Incremental Build of configuration Debug for project COMEDERO_RTC_FEE ****
make -j1 all 
arm-none-eabi-gcc "../Core/Src/main.c" -mcpu=cortex-m3 -std=gnu11 -g3 -DDEBUG -DUSE_HAL_DRIVER -DSTM32F103xB -c -I../Core/Inc -I../Drivers/STM32F1xx_HAL_Driver/Inc -I../Drivers/STM32F1xx_HAL_Driver/Inc/Legacy -I../Drivers/CMSIS/Device/ST/STM32F1xx/Include -I../Drivers/CMSIS/Include -O0 -ffunction-sections -fdata-sections -Wall -fstack-usage -fcyclomatic-complexity -MMD -MP -MF"Core/Src/main.d" -MT"Core/Src/main.o" --specs=nano.specs -mfloat-abi=soft -mthumb -o "Core/Src/main.o"
arm-none-eabi-gcc -o "COMEDERO_RTC_FEE.elf" @"objects.list"   -mcpu=cortex-m3 -T"C:\Users\nico2\OneDrive\Desktop\EMBEBIDOS\COMEDERO_RTC\STM32F103C8TX_FLASH.ld" --specs=nosys.specs -Wl,-Map="COMEDERO_RTC_FEE.map" -Wl,--gc-sections -static --specs=nano.specs -mfloat-abi=soft -mthumb -Wl,--start-group -lc -lm -Wl,--end-group
Finished building target: COMEDERO_RTC_FEE.elf
 
arm-none-eabi-size  COMEDERO_RTC_FEE.elf 
   text	   data	    bss	    dec	    hex	filename
  18180	     92	   2120	  20392	   4fa8	COMEDERO_RTC_FEE.elf
Finished building: default.size.stdout
 
arm-none-eabi-objdump -h -S COMEDERO_RTC_FEE.elf  > "COMEDERO_RTC_FEE.list"
Finished building: COMEDERO_RTC_FEE.list
 
